Archive member included to satisfy reference by file (symbol)

/usr/bin/../lib/gcc/arm-none-eabi/7.3.1/thumb/v7-m/libgcc.a(_arm_addsubdf3.o)
                              CMakeFiles/RS41HUPint.elf.dir/main.c.obj (__aeabi_i2d)
/usr/bin/../lib/gcc/arm-none-eabi/7.3.1/thumb/v7-m/libgcc.a(_arm_muldivdf3.o)
                              CMakeFiles/RS41HUPint.elf.dir/main.c.obj (__aeabi_dmul)
/usr/bin/../lib/gcc/arm-none-eabi/7.3.1/thumb/v7-m/libgcc.a(_arm_fixdfsi.o)
                              CMakeFiles/RS41HUPint.elf.dir/main.c.obj (__aeabi_d2iz)
/usr/bin/../lib/gcc/arm-none-eabi/7.3.1/thumb/v7-m/libgcc.a(_arm_addsubsf3.o)
                              CMakeFiles/RS41HUPint.elf.dir/locator.c.obj (__aeabi_fsub)
/usr/bin/../lib/gcc/arm-none-eabi/7.3.1/thumb/v7-m/libgcc.a(_arm_muldivsf3.o)
                              CMakeFiles/RS41HUPint.elf.dir/locator.c.obj (__aeabi_fmul)
/usr/bin/../lib/gcc/arm-none-eabi/7.3.1/thumb/v7-m/libgcc.a(_arm_cmpsf2.o)
                              CMakeFiles/RS41HUPint.elf.dir/radio.c.obj (__aeabi_fcmpge)
/usr/bin/../lib/gcc/arm-none-eabi/7.3.1/thumb/v7-m/libgcc.a(_arm_fixunssfsi.o)
                              CMakeFiles/RS41HUPint.elf.dir/locator.c.obj (__aeabi_f2uiz)
/usr/bin/../lib/gcc/arm-none-eabi/7.3.1/thumb/v7-m/libgcc.a(unwind-arm.o)
                              CMakeFiles/RS41HUPint.elf.dir/QAPRSBase.cpp.obj (__aeabi_unwind_cpp_pr0)
/usr/bin/../lib/gcc/arm-none-eabi/7.3.1/thumb/v7-m/libgcc.a(libunwind.o)
                              /usr/bin/../lib/gcc/arm-none-eabi/7.3.1/thumb/v7-m/libgcc.a(unwind-arm.o) (restore_core_regs)
/usr/bin/../lib/gcc/arm-none-eabi/7.3.1/thumb/v7-m/libgcc.a(pr-support.o)
                              /usr/bin/../lib/gcc/arm-none-eabi/7.3.1/thumb/v7-m/libgcc.a(unwind-arm.o) (__gnu_unwind_execute)
/usr/bin/../lib/gcc/arm-none-eabi/7.3.1/../../../../arm-none-eabi/lib/thumb/v7-m/libg_nano.a(lib_a-memcpy-stub.o)
                              CMakeFiles/RS41HUPint.elf.dir/cmsis_boot/startup/startup_stm32f10x_md_vl.c.obj (memcpy)
/usr/bin/../lib/gcc/arm-none-eabi/7.3.1/../../../../arm-none-eabi/lib/thumb/v7-m/libg_nano.a(lib_a-memset.o)
                              CMakeFiles/RS41HUPint.elf.dir/ublox.c.obj (memset)
/usr/bin/../lib/gcc/arm-none-eabi/7.3.1/../../../../arm-none-eabi/lib/thumb/v7-m/libg_nano.a(lib_a-sprintf.o)
                              CMakeFiles/RS41HUPint.elf.dir/main.c.obj (sprintf)
/usr/bin/../lib/gcc/arm-none-eabi/7.3.1/../../../../arm-none-eabi/lib/thumb/v7-m/libg_nano.a(lib_a-strcpy.o)
                              CMakeFiles/RS41HUPint.elf.dir/QAPRSBase.cpp.obj (strcpy)
/usr/bin/../lib/gcc/arm-none-eabi/7.3.1/../../../../arm-none-eabi/lib/thumb/v7-m/libg_nano.a(lib_a-strlen.o)
                              CMakeFiles/RS41HUPint.elf.dir/main.c.obj (strlen)
/usr/bin/../lib/gcc/arm-none-eabi/7.3.1/../../../../arm-none-eabi/lib/thumb/v7-m/libg_nano.a(lib_a-strncpy.o)
                              CMakeFiles/RS41HUPint.elf.dir/main.c.obj (strncpy)
/usr/bin/../lib/gcc/arm-none-eabi/7.3.1/../../../../arm-none-eabi/lib/thumb/v7-m/libg_nano.a(lib_a-impure.o)
                              /usr/bin/../lib/gcc/arm-none-eabi/7.3.1/../../../../arm-none-eabi/lib/thumb/v7-m/libg_nano.a(lib_a-sprintf.o) (_impure_ptr)
/usr/bin/../lib/gcc/arm-none-eabi/7.3.1/../../../../arm-none-eabi/lib/thumb/v7-m/libg_nano.a(lib_a-nano-svfprintf.o)
                              /usr/bin/../lib/gcc/arm-none-eabi/7.3.1/../../../../arm-none-eabi/lib/thumb/v7-m/libg_nano.a(lib_a-sprintf.o) (_svfprintf_r)
/usr/bin/../lib/gcc/arm-none-eabi/7.3.1/../../../../arm-none-eabi/lib/thumb/v7-m/libg_nano.a(lib_a-nano-vfprintf_i.o)
                              /usr/bin/../lib/gcc/arm-none-eabi/7.3.1/../../../../arm-none-eabi/lib/thumb/v7-m/libg_nano.a(lib_a-nano-svfprintf.o) (_printf_i)
/usr/bin/../lib/gcc/arm-none-eabi/7.3.1/../../../../arm-none-eabi/lib/thumb/v7-m/libg_nano.a(lib_a-memchr-stub.o)
                              /usr/bin/../lib/gcc/arm-none-eabi/7.3.1/../../../../arm-none-eabi/lib/thumb/v7-m/libg_nano.a(lib_a-nano-svfprintf.o) (memchr)
/usr/bin/../lib/gcc/arm-none-eabi/7.3.1/../../../../arm-none-eabi/lib/thumb/v7-m/libg_nano.a(lib_a-memmove.o)
                              /usr/bin/../lib/gcc/arm-none-eabi/7.3.1/../../../../arm-none-eabi/lib/thumb/v7-m/libg_nano.a(lib_a-nano-svfprintf.o) (memmove)
/usr/bin/../lib/gcc/arm-none-eabi/7.3.1/../../../../arm-none-eabi/lib/thumb/v7-m/libg_nano.a(lib_a-nano-freer.o)
                              /usr/bin/../lib/gcc/arm-none-eabi/7.3.1/../../../../arm-none-eabi/lib/thumb/v7-m/libg_nano.a(lib_a-nano-svfprintf.o) (_free_r)
/usr/bin/../lib/gcc/arm-none-eabi/7.3.1/../../../../arm-none-eabi/lib/thumb/v7-m/libg_nano.a(lib_a-nano-mallocr.o)
                              /usr/bin/../lib/gcc/arm-none-eabi/7.3.1/../../../../arm-none-eabi/lib/thumb/v7-m/libg_nano.a(lib_a-nano-svfprintf.o) (_malloc_r)
/usr/bin/../lib/gcc/arm-none-eabi/7.3.1/../../../../arm-none-eabi/lib/thumb/v7-m/libg_nano.a(lib_a-nano-reallocr.o)
[...]
Memory Configuration

Name             Origin             Length             Attributes
rom              0x0000000008000000 0x0000000000010000 xr
ram              0x0000000020000000 0x0000000000002000 xrw
*default*        0x0000000000000000 0xffffffffffffffff

Linker script and memory map

LOAD /usr/bin/../lib/gcc/arm-none-eabi/7.3.1/../../../../arm-none-eabi/lib/thumb/v7-m/libstdc++_nano.a
LOAD CMakeFiles/RS41HUPint.elf.dir/cmsis_boot/startup/startup_stm32f10x_md_vl.c.obj
LOAD CMakeFiles/RS41HUPint.elf.dir/cmsis_boot/system_stm32f10x.c.obj
LOAD CMakeFiles/RS41HUPint.elf.dir/delay.c.obj
LOAD CMakeFiles/RS41HUPint.elf.dir/f_rtty.c.obj
LOAD CMakeFiles/RS41HUPint.elf.dir/init.c.obj
LOAD CMakeFiles/RS41HUPint.elf.dir/locator.c.obj
LOAD CMakeFiles/RS41HUPint.elf.dir/main.c.obj
LOAD CMakeFiles/RS41HUPint.elf.dir/morse.c.obj
LOAD CMakeFiles/RS41HUPint.elf.dir/radio.c.obj
LOAD CMakeFiles/RS41HUPint.elf.dir/stm_lib/src/misc.c.obj
LOAD CMakeFiles/RS41HUPint.elf.dir/stm_lib/src/stm32f10x_adc.c.obj
LOAD CMakeFiles/RS41HUPint.elf.dir/stm_lib/src/stm32f10x_dma.c.obj
LOAD CMakeFiles/RS41HUPint.elf.dir/stm_lib/src/stm32f10x_flash.c.obj
LOAD CMakeFiles/RS41HUPint.elf.dir/stm_lib/src/stm32f10x_gpio.c.obj
LOAD CMakeFiles/RS41HUPint.elf.dir/stm_lib/src/stm32f10x_pwr.c.obj
LOAD CMakeFiles/RS41HUPint.elf.dir/stm_lib/src/stm32f10x_rcc.c.obj
LOAD CMakeFiles/RS41HUPint.elf.dir/stm_lib/src/stm32f10x_spi.c.obj
LOAD CMakeFiles/RS41HUPint.elf.dir/stm_lib/src/stm32f10x_tim.c.obj
LOAD CMakeFiles/RS41HUPint.elf.dir/stm_lib/src/stm32f10x_usart.c.obj
LOAD CMakeFiles/RS41HUPint.elf.dir/syscalls/syscalls.c.obj
LOAD CMakeFiles/RS41HUPint.elf.dir/ublox.c.obj
LOAD CMakeFiles/RS41HUPint.elf.dir/QAPRSBase.cpp.obj
LOAD CMakeFiles/RS41HUPint.elf.dir/aprs.cpp.obj
LOAD /usr/bin/../lib/gcc/arm-none-eabi/7.3.1/../../../../arm-none-eabi/lib/thumb/v7-m/libstdc++_nano.a
LOAD /usr/bin/../lib/gcc/arm-none-eabi/7.3.1/../../../../arm-none-eabi/lib/thumb/v7-m/libm.a
START GROUP
LOAD /usr/bin/../lib/gcc/arm-none-eabi/7.3.1/thumb/v7-m/libgcc.a
LOAD /usr/bin/../lib/gcc/arm-none-eabi/7.3.1/../../../../arm-none-eabi/lib/thumb/v7-m/libg_nano.a
LOAD /usr/bin/../lib/gcc/arm-none-eabi/7.3.1/../../../../arm-none-eabi/lib/thumb/v7-m/libc_nano.a
END GROUP
START GROUP
LOAD /usr/bin/../lib/gcc/arm-none-eabi/7.3.1/thumb/v7-m/libgcc.a
LOAD /usr/bin/../lib/gcc/arm-none-eabi/7.3.1/../../../../arm-none-eabi/lib/thumb/v7-m/libc_nano.a
END GROUP
                0x0000000020002000                _eram = 0x20002000

.text           0x0000000008000000     0x58df
 *(.isr_vector)
 .isr_vector    0x0000000008000000      0x124 CMakeFiles/RS41HUPint.elf.dir/cmsis_boot/startup/startup_stm32f10x_md_vl.c.obj
                0x0000000008000000                g_pfnVectors
 *(.text*)
 .text.Default_Handler
                0x0000000008000124        0x4 CMakeFiles/RS41HUPint.elf.dir/cmsis_boot/startup/startup_stm32f10x_md_vl.c.obj
                0x0000000008000124                EXTI2_IRQHandler
                0x0000000008000124                DebugMon_Handler
                0x0000000008000124                TIM1_CC_IRQHandler
                0x0000000008000124                HardFault_Handler
                0x0000000008000124                SysTick_Handler
                0x0000000008000124                PVD_IRQHandler
                0x0000000008000124                PendSV_Handler
                0x0000000008000124                NMI_Handler
                0x0000000008000124                EXTI3_IRQHandler
                0x0000000008000124                EXTI0_IRQHandler
                0x0000000008000124                I2C2_EV_IRQHandler
                0x0000000008000124                TIM1_UP_TIM16_IRQHandler
                0x0000000008000124                UsageFault_Handler
                0x0000000008000124                SPI1_IRQHandler
                0x0000000008000124                TAMPER_IRQHandler
                0x0000000008000124                TIM6_DAC_IRQHandler
                0x0000000008000124                DMA1_Channel4_IRQHandler
                0x0000000008000124                ADC1_IRQHandler
                0x0000000008000124                RTC_IRQHandler
                0x0000000008000124                DMA1_Channel7_IRQHandler
                0x0000000008000124                TIM4_IRQHandler
                0x0000000008000124                I2C1_EV_IRQHandler
                0x0000000008000124                DMA1_Channel6_IRQHandler
                0x0000000008000124                RCC_IRQHandler
                0x0000000008000124                DMA1_Channel1_IRQHandler
                0x0000000008000124                CEC_IRQHandler
                0x0000000008000124                EXTI15_10_IRQHandler
                0x0000000008000124                TIM7_IRQHandler
                0x0000000008000124                EXTI9_5_IRQHandler
                0x0000000008000124                SPI2_IRQHandler
                0x0000000008000124                MemManage_Handler
                0x0000000008000124                SVC_Handler
                0x0000000008000124                DMA1_Channel5_IRQHandler
                0x0000000008000124                EXTI4_IRQHandler
                0x0000000008000124                TIM1_TRG_COM_TIM17_IRQHandler
                0x0000000008000124                DMA1_Channel3_IRQHandler
                0x0000000008000124                WWDG_IRQHandler
                0x0000000008000124                EXTI1_IRQHandler
                0x0000000008000124                RTCAlarm_IRQHandler
                0x0000000008000124                USART2_IRQHandler
                0x0000000008000124                I2C2_ER_IRQHandler
                0x0000000008000124                DMA1_Channel2_IRQHandler
                0x0000000008000124                FLASH_IRQHandler
                0x0000000008000124                BusFault_Handler
                0x0000000008000124                I2C1_ER_IRQHandler
                0x0000000008000124                TIM1_BRK_TIM15_IRQHandler
 .text.Default_Reset_Handler
                0x0000000008000128       0x48 CMakeFiles/RS41HUPint.elf.dir/cmsis_boot/startup/startup_stm32f10x_md_vl.c.obj
                0x0000000008000128                Reset_Handler
                0x0000000008000128                Default_Reset_Handler
 .text.delay_init
                0x0000000008000170       0x5c CMakeFiles/RS41HUPint.elf.dir/delay.c.obj
                0x0000000008000170                delay_init
 .text._delay_us
                0x00000000080001cc       0x44 CMakeFiles/RS41HUPint.elf.dir/delay.c.obj
                0x00000000080001cc                _delay_us
 .text._delay_ms
                0x0000000008000210       0x50 CMakeFiles/RS41HUPint.elf.dir/delay.c.obj
                0x0000000008000210                _delay_ms
 .text.TIM3_IRQHandler
                0x0000000008000260       0x28 CMakeFiles/RS41HUPint.elf.dir/delay.c.obj
                0x0000000008000260                TIM3_IRQHandler
 .text.send_rtty
                0x0000000008000288       0x58 CMakeFiles/RS41HUPint.elf.dir/f_rtty.c.obj
                0x0000000008000288                send_rtty
 .text.init_usart_gps
                0x00000000080002e0       0x98 CMakeFiles/RS41HUPint.elf.dir/init.c.obj
                0x00000000080002e0                init_usart_gps
 .text.NVIC_Conf
                0x0000000008000378        0xc CMakeFiles/RS41HUPint.elf.dir/init.c.obj
                0x0000000008000378                NVIC_Conf
 .text.RCC_Conf
                0x0000000008000384       0x4c CMakeFiles/RS41HUPint.elf.dir/init.c.obj
                0x0000000008000384                RCC_Conf
 .text.init_port
                0x00000000080003d0      0x36c CMakeFiles/RS41HUPint.elf.dir/init.c.obj
                0x00000000080003d0                init_port
 .text.spi_init
                0x000000000800073c       0x78 CMakeFiles/RS41HUPint.elf.dir/init.c.obj
                0x000000000800073c                spi_init
 .text.spi_deinit
                0x00000000080007b4       0x30 CMakeFiles/RS41HUPint.elf.dir/init.c.obj
                0x00000000080007b4                spi_deinit
 .text.init_timer
                0x00000000080007e4       0x74 CMakeFiles/RS41HUPint.elf.dir/init.c.obj
                0x00000000080007e4                init_timer
 .text.longlat2locator
                0x0000000008000858      0x13c CMakeFiles/RS41HUPint.elf.dir/locator.c.obj
                0x0000000008000858                longlat2locator
 .text.USART1_IRQHandler
                0x0000000008000994       0x58 CMakeFiles/RS41HUPint.elf.dir/main.c.obj
                0x0000000008000994                USART1_IRQHandler
 .text.USART3_IRQHandler
                0x00000000080009ec       0x60 CMakeFiles/RS41HUPint.elf.dir/main.c.obj
                0x00000000080009ec                USART3_IRQHandler
 *fill*         0x0000000008000a4c        0x4 
 .text.TIM2_IRQHandler
                0x0000000008000a50      0x1ac CMakeFiles/RS41HUPint.elf.dir/main.c.obj
                0x0000000008000a50                TIM2_IRQHandler
 .text.startup.main
                0x0000000008000bfc      0x360 CMakeFiles/RS41HUPint.elf.dir/main.c.obj
                0x0000000008000bfc                main
 .text.sendMorse
                0x0000000008000f5c      0x2c4 CMakeFiles/RS41HUPint.elf.dir/morse.c.obj
                0x0000000008000f5c                sendMorse
 .text.radio_rw_register
                0x0000000008001220       0x5c CMakeFiles/RS41HUPint.elf.dir/radio.c.obj
                0x0000000008001220                radio_rw_register
 .text.radio_set_tx_frequency
                0x000000000800127c      0x158 CMakeFiles/RS41HUPint.elf.dir/radio.c.obj
                0x000000000800127c                radio_set_tx_frequency
 .text.radio_disable_tx
                0x00000000080013d4       0x4c CMakeFiles/RS41HUPint.elf.dir/radio.c.obj
                0x00000000080013d4                radio_disable_tx
 .text.radio_soft_reset
                0x0000000008001420       0x4c CMakeFiles/RS41HUPint.elf.dir/radio.c.obj
                0x0000000008001420                radio_soft_reset
 .text.radio_enable_tx
                0x000000000800146c       0x4c CMakeFiles/RS41HUPint.elf.dir/radio.c.obj
                0x000000000800146c                radio_enable_tx
 .text.radio_inhibit_tx
                0x00000000080014b8       0x4c CMakeFiles/RS41HUPint.elf.dir/radio.c.obj
                0x00000000080014b8                radio_inhibit_tx
 .text.radio_read_temperature
                0x0000000008001504       0x90 CMakeFiles/RS41HUPint.elf.dir/radio.c.obj
                0x0000000008001504                radio_read_temperature
 .text.NVIC_Init
                0x0000000008001594       0x58 CMakeFiles/RS41HUPint.elf.dir/stm_lib/src/misc.c.obj
                0x0000000008001594                NVIC_Init
 .text.NVIC_SetVectorTable
                0x00000000080015ec       0x14 CMakeFiles/RS41HUPint.elf.dir/stm_lib/src/misc.c.obj
                0x00000000080015ec                NVIC_SetVectorTable
 .text.NVIC_SystemLPConfig
                0x0000000008001600       0x18 CMakeFiles/RS41HUPint.elf.dir/stm_lib/src/misc.c.obj
                0x0000000008001600                NVIC_SystemLPConfig
 .text.ADC_Init
                0x0000000008001618       0x48 CMakeFiles/RS41HUPint.elf.dir/stm_lib/src/stm32f10x_adc.c.obj
                0x0000000008001618                ADC_Init
 .text.ADC_Cmd  0x0000000008001660       0x14 CMakeFiles/RS41HUPint.elf.dir/stm_lib/src/stm32f10x_adc.c.obj
                0x0000000008001660                ADC_Cmd
 .text.ADC_DMACmd
                0x0000000008001674       0x14 CMakeFiles/RS41HUPint.elf.dir/stm_lib/src/stm32f10x_adc.c.obj
                0x0000000008001674                ADC_DMACmd
 .text.ADC_ResetCalibration
                0x0000000008001688        0xc CMakeFiles/RS41HUPint.elf.dir/stm_lib/src/stm32f10x_adc.c.obj
                0x0000000008001688                ADC_ResetCalibration
 .text.ADC_GetResetCalibrationStatus
                0x0000000008001694        0x8 CMakeFiles/RS41HUPint.elf.dir/stm_lib/src/stm32f10x_adc.c.obj
                0x0000000008001694                ADC_GetResetCalibrationStatus
 .text.ADC_StartCalibration
                0x000000000800169c        0xc CMakeFiles/RS41HUPint.elf.dir/stm_lib/src/stm32f10x_adc.c.obj
                0x000000000800169c                ADC_StartCalibration
 .text.ADC_GetCalibrationStatus
                0x00000000080016a8        0x8 CMakeFiles/RS41HUPint.elf.dir/stm_lib/src/stm32f10x_adc.c.obj
                0x00000000080016a8                ADC_GetCalibrationStatus
 .text.ADC_SoftwareStartConvCmd
                0x00000000080016b0       0x14 CMakeFiles/RS41HUPint.elf.dir/stm_lib/src/stm32f10x_adc.c.obj
                0x00000000080016b0                ADC_SoftwareStartConvCmd
 .text.ADC_RegularChannelConfig
                0x00000000080016c4       0x90 CMakeFiles/RS41HUPint.elf.dir/stm_lib/src/stm32f10x_adc.c.obj
                0x00000000080016c4                ADC_RegularChannelConfig
 .text.DMA_DeInit
                0x0000000008001754      0x130 CMakeFiles/RS41HUPint.elf.dir/stm_lib/src/stm32f10x_dma.c.obj
                0x0000000008001754                DMA_DeInit
 .text.DMA_Init
                0x0000000008001884       0x40 CMakeFiles/RS41HUPint.elf.dir/stm_lib/src/stm32f10x_dma.c.obj
                0x0000000008001884                DMA_Init
 .text.DMA_Cmd  0x00000000080018c4       0x18 CMakeFiles/RS41HUPint.elf.dir/stm_lib/src/stm32f10x_dma.c.obj
                0x00000000080018c4                DMA_Cmd
 .text.FLASH_SetLatency
                0x00000000080018dc       0x14 CMakeFiles/RS41HUPint.elf.dir/stm_lib/src/stm32f10x_flash.c.obj
                0x00000000080018dc                FLASH_SetLatency
 .text.FLASH_PrefetchBufferCmd
                0x00000000080018f0       0x18 CMakeFiles/RS41HUPint.elf.dir/stm_lib/src/stm32f10x_flash.c.obj
                0x00000000080018f0                FLASH_PrefetchBufferCmd
 .text.GPIO_Init
                0x0000000008001908      0x30c CMakeFiles/RS41HUPint.elf.dir/stm_lib/src/stm32f10x_gpio.c.obj
                0x0000000008001908                GPIO_Init
 .text.GPIO_SetBits
                0x0000000008001c14        0x4 CMakeFiles/RS41HUPint.elf.dir/stm_lib/src/stm32f10x_gpio.c.obj
                0x0000000008001c14                GPIO_SetBits
 .text.GPIO_ResetBits
                0x0000000008001c18        0x4 CMakeFiles/RS41HUPint.elf.dir/stm_lib/src/stm32f10x_gpio.c.obj
                0x0000000008001c18                GPIO_ResetBits
 .text.RCC_DeInit
                0x0000000008001c1c       0x48 CMakeFiles/RS41HUPint.elf.dir/stm_lib/src/stm32f10x_rcc.c.obj
                0x0000000008001c1c                RCC_DeInit
 .text.RCC_HSEConfig
                0x0000000008001c64       0x38 CMakeFiles/RS41HUPint.elf.dir/stm_lib/src/stm32f10x_rcc.c.obj
                0x0000000008001c64                RCC_HSEConfig
 .text.RCC_WaitForHSEStartUp
                0x0000000008001c9c       0x30 CMakeFiles/RS41HUPint.elf.dir/stm_lib/src/stm32f10x_rcc.c.obj
                0x0000000008001c9c                RCC_WaitForHSEStartUp
 .text.RCC_SYSCLKConfig
                0x0000000008001ccc       0x14 CMakeFiles/RS41HUPint.elf.dir/stm_lib/src/stm32f10x_rcc.c.obj
                0x0000000008001ccc                RCC_SYSCLKConfig
 .text.RCC_GetSYSCLKSource
                0x0000000008001ce0       0x10 CMakeFiles/RS41HUPint.elf.dir/stm_lib/src/stm32f10x_rcc.c.obj
                0x0000000008001ce0                RCC_GetSYSCLKSource
 .text.RCC_HCLKConfig
                0x0000000008001cf0       0x14 CMakeFiles/RS41HUPint.elf.dir/stm_lib/src/stm32f10x_rcc.c.obj
                0x0000000008001cf0                RCC_HCLKConfig
 .text.RCC_PCLK1Config
                0x0000000008001d04       0x14 CMakeFiles/RS41HUPint.elf.dir/stm_lib/src/stm32f10x_rcc.c.obj
                0x0000000008001d04                RCC_PCLK1Config
 .text.RCC_PCLK2Config
                0x0000000008001d18       0x14 CMakeFiles/RS41HUPint.elf.dir/stm_lib/src/stm32f10x_rcc.c.obj
                0x0000000008001d18                RCC_PCLK2Config
 .text.RCC_ADCCLKConfig
                0x0000000008001d2c       0x14 CMakeFiles/RS41HUPint.elf.dir/stm_lib/src/stm32f10x_rcc.c.obj
                0x0000000008001d2c                RCC_ADCCLKConfig
 .text.RCC_GetClocksFreq
                0x0000000008001d40       0xa0 CMakeFiles/RS41HUPint.elf.dir/stm_lib/src/stm32f10x_rcc.c.obj
                0x0000000008001d40                RCC_GetClocksFreq
 .text.RCC_AHBPeriphClockCmd
                0x0000000008001de0       0x18 CMakeFiles/RS41HUPint.elf.dir/stm_lib/src/stm32f10x_rcc.c.obj
                0x0000000008001de0                RCC_AHBPeriphClockCmd
 .text.RCC_APB2PeriphClockCmd
                0x0000000008001df8       0x18 CMakeFiles/RS41HUPint.elf.dir/stm_lib/src/stm32f10x_rcc.c.obj
                0x0000000008001df8                RCC_APB2PeriphClockCmd
 .text.RCC_APB1PeriphClockCmd
                0x0000000008001e10       0x18 CMakeFiles/RS41HUPint.elf.dir/stm_lib/src/stm32f10x_rcc.c.obj
                0x0000000008001e10                RCC_APB1PeriphClockCmd
 .text.RCC_APB2PeriphResetCmd
                0x0000000008001e28       0x18 CMakeFiles/RS41HUPint.elf.dir/stm_lib/src/stm32f10x_rcc.c.obj
                0x0000000008001e28                RCC_APB2PeriphResetCmd
 .text.RCC_APB1PeriphResetCmd
                0x0000000008001e40       0x18 CMakeFiles/RS41HUPint.elf.dir/stm_lib/src/stm32f10x_rcc.c.obj
                0x0000000008001e40                RCC_APB1PeriphResetCmd
 .text.SPI_I2S_DeInit
                0x0000000008001e58       0x6c CMakeFiles/RS41HUPint.elf.dir/stm_lib/src/stm32f10x_spi.c.obj
                0x0000000008001e58                SPI_I2S_DeInit
 .text.SPI_Init
                0x0000000008001ec4       0x40 CMakeFiles/RS41HUPint.elf.dir/stm_lib/src/stm32f10x_spi.c.obj
                0x0000000008001ec4                SPI_Init
 .text.SPI_Cmd  0x0000000008001f04       0x18 CMakeFiles/RS41HUPint.elf.dir/stm_lib/src/stm32f10x_spi.c.obj
                0x0000000008001f04                SPI_Cmd
 .text.SPI_I2S_SendData
                0x0000000008001f1c        0x4 CMakeFiles/RS41HUPint.elf.dir/stm_lib/src/stm32f10x_spi.c.obj
                0x0000000008001f1c                SPI_I2S_SendData
 .text.SPI_I2S_ReceiveData
                0x0000000008001f20        0x4 CMakeFiles/RS41HUPint.elf.dir/stm_lib/src/stm32f10x_spi.c.obj
                0x0000000008001f20                SPI_I2S_ReceiveData
 .text.SPI_SSOutputCmd
                0x0000000008001f24       0x18 CMakeFiles/RS41HUPint.elf.dir/stm_lib/src/stm32f10x_spi.c.obj
                0x0000000008001f24                SPI_SSOutputCmd
 .text.SPI_I2S_GetFlagStatus
                0x0000000008001f3c        0xc CMakeFiles/RS41HUPint.elf.dir/stm_lib/src/stm32f10x_spi.c.obj
                0x0000000008001f3c                SPI_I2S_GetFlagStatus
 .text.TIM_TimeBaseInit
                0x0000000008001f48       0xac CMakeFiles/RS41HUPint.elf.dir/stm_lib/src/stm32f10x_tim.c.obj
                0x0000000008001f48                TIM_TimeBaseInit
 .text.TIM_Cmd  0x0000000008001ff4       0x18 CMakeFiles/RS41HUPint.elf.dir/stm_lib/src/stm32f10x_tim.c.obj
                0x0000000008001ff4                TIM_Cmd
 .text.TIM_ITConfig
                0x000000000800200c       0x14 CMakeFiles/RS41HUPint.elf.dir/stm_lib/src/stm32f10x_tim.c.obj
                0x000000000800200c                TIM_ITConfig
 .text.TIM_SetCounter
                0x0000000008002020        0x4 CMakeFiles/RS41HUPint.elf.dir/stm_lib/src/stm32f10x_tim.c.obj
                0x0000000008002020                TIM_SetCounter
 .text.TIM_SetAutoreload
                0x0000000008002024        0x4 CMakeFiles/RS41HUPint.elf.dir/stm_lib/src/stm32f10x_tim.c.obj
                0x0000000008002024                TIM_SetAutoreload
 .text.TIM_GetITStatus
                0x0000000008002028       0x18 CMakeFiles/RS41HUPint.elf.dir/stm_lib/src/stm32f10x_tim.c.obj
                0x0000000008002028                TIM_GetITStatus
 .text.TIM_ClearITPendingBit
                0x0000000008002040        0x8 CMakeFiles/RS41HUPint.elf.dir/stm_lib/src/stm32f10x_tim.c.obj
                0x0000000008002040                TIM_ClearITPendingBit
 .text.USART_Init
                0x0000000008002048       0xb4 CMakeFiles/RS41HUPint.elf.dir/stm_lib/src/stm32f10x_usart.c.obj
                0x0000000008002048                USART_Init
 .text.USART_Cmd
                0x00000000080020fc       0x18 CMakeFiles/RS41HUPint.elf.dir/stm_lib/src/stm32f10x_usart.c.obj
                0x00000000080020fc                USART_Cmd
 .text.USART_ITConfig
                0x0000000008002114       0x38 CMakeFiles/RS41HUPint.elf.dir/stm_lib/src/stm32f10x_usart.c.obj
                0x0000000008002114                USART_ITConfig
 .text.USART_SendData
                0x000000000800214c        0x8 CMakeFiles/RS41HUPint.elf.dir/stm_lib/src/stm32f10x_usart.c.obj
                0x000000000800214c                USART_SendData
 .text.USART_ReceiveData
                0x0000000008002154        0x8 CMakeFiles/RS41HUPint.elf.dir/stm_lib/src/stm32f10x_usart.c.obj
                0x0000000008002154                USART_ReceiveData
 .text.USART_GetFlagStatus
                0x000000000800215c        0xc CMakeFiles/RS41HUPint.elf.dir/stm_lib/src/stm32f10x_usart.c.obj
                0x000000000800215c                USART_GetFlagStatus
 .text.USART_GetITStatus
                0x0000000008002168       0x44 CMakeFiles/RS41HUPint.elf.dir/stm_lib/src/stm32f10x_usart.c.obj
                0x0000000008002168                USART_GetITStatus
 .text.USART_ClearITPendingBit
                0x00000000080021ac       0x10 CMakeFiles/RS41HUPint.elf.dir/stm_lib/src/stm32f10x_usart.c.obj
                0x00000000080021ac                USART_ClearITPendingBit
 .text._sbrk    0x00000000080021bc       0x1c CMakeFiles/RS41HUPint.elf.dir/syscalls/syscalls.c.obj
                0x00000000080021bc                _sbrk
 .text.abort    0x00000000080021d8        0x4 CMakeFiles/RS41HUPint.elf.dir/syscalls/syscalls.c.obj
                0x00000000080021d8                abort
 .text.send_ublox
                0x00000000080021dc      0x1b4 CMakeFiles/RS41HUPint.elf.dir/ublox.c.obj
                0x00000000080021dc                send_ublox
 .text.ublox_get_last_data
                0x0000000008002390       0x24 CMakeFiles/RS41HUPint.elf.dir/ublox.c.obj
                0x0000000008002390                ublox_get_last_data
 .text.ublox_init
                0x00000000080023b4      0x424 CMakeFiles/RS41HUPint.elf.dir/ublox.c.obj
                0x00000000080023b4                ublox_init
 .text.ublox_handle_packet
                0x00000000080027d8       0xfc CMakeFiles/RS41HUPint.elf.dir/ublox.c.obj
                0x00000000080027d8                ublox_handle_packet
 .text.ublox_handle_incoming_byte
                0x00000000080028d4       0x68 CMakeFiles/RS41HUPint.elf.dir/ublox.c.obj
                0x00000000080028d4                ublox_handle_incoming_byte
 .text._ZN9QAPRSBase12ax25SendByteEh
                0x000000000800293c       0xc4 CMakeFiles/RS41HUPint.elf.dir/QAPRSBase.cpp.obj
                0x000000000800293c                QAPRSBase::ax25SendByte(unsigned char)
 .text._ZN9QAPRSBase4sendEPcj
                0x0000000008002a00      0x1e4 CMakeFiles/RS41HUPint.elf.dir/QAPRSBase.cpp.obj
                0x0000000008002a00                QAPRSBase::send(char*, unsigned int)
 .text._ZN9QAPRSBase8sendDataEPc
                0x0000000008002be4       0xd4 CMakeFiles/RS41HUPint.elf.dir/QAPRSBase.cpp.obj
                0x0000000008002be4                QAPRSBase::sendData(char*)
 .text._ZN9QAPRSBase11parseRelaysEPKcPc
                0x0000000008002cb8       0xcc CMakeFiles/RS41HUPint.elf.dir/QAPRSBase.cpp.obj
                0x0000000008002cb8                QAPRSBase::parseRelays(char const*, char*)
 .text._ZN9QAPRSBase4initEaaPchS0_hS0_
                0x0000000008002d84       0xb0 CMakeFiles/RS41HUPint.elf.dir/QAPRSBase.cpp.obj
                0x0000000008002d84                QAPRSBase::init(signed char, signed char, char*, unsigned char, char*, unsigned char, char*)
 .text._ZN9QAPRSBase21timerInterruptHandlerEv
                0x0000000008002e34       0x54 CMakeFiles/RS41HUPint.elf.dir/QAPRSBase.cpp.obj
                0x0000000008002e34                QAPRSBase::timerInterruptHandler()
 .text.aprs_init
                0x0000000008002e88       0x34 CMakeFiles/RS41HUPint.elf.dir/aprs.cpp.obj
                0x0000000008002e88                aprs_init
 .text.aprs_timer_handler
                0x0000000008002ebc        0xc CMakeFiles/RS41HUPint.elf.dir/aprs.cpp.obj
                0x0000000008002ebc                aprs_timer_handler
 .text.aprs_is_active
                0x0000000008002ec8        0xc CMakeFiles/RS41HUPint.elf.dir/aprs.cpp.obj
                0x0000000008002ec8                aprs_is_active
 .text.aprs_send_position
                0x0000000008002ed4      0x204 CMakeFiles/RS41HUPint.elf.dir/aprs.cpp.obj
                0x0000000008002ed4                aprs_send_position
 .text          0x00000000080030d8      0x378 /usr/bin/../lib/gcc/arm-none-eabi/7.3.1/thumb/v7-m/libgcc.a(_arm_addsubdf3.o)
                0x00000000080030d8                __aeabi_drsub
                0x00000000080030e0                __aeabi_dsub
                0x00000000080030e0                __subdf3
                0x00000000080030e4                __adddf3
                0x00000000080030e4                __aeabi_dadd
                0x000000000800335c                __aeabi_ui2d
                0x000000000800335c                __floatunsidf
                0x000000000800337c                __floatsidf
                0x000000000800337c                __aeabi_i2d
                0x00000000080033a0                __extendsfdf2
                0x00000000080033a0                __aeabi_f2d
                0x00000000080033e4                __aeabi_ul2d
                0x00000000080033e4                __floatundidf
                0x00000000080033f4                __floatdidf
                0x00000000080033f4                __aeabi_l2d
 .text          0x0000000008003450      0x424 /usr/bin/../lib/gcc/arm-none-eabi/7.3.1/thumb/v7-m/libgcc.a(_arm_muldivdf3.o)
                0x0000000008003450                __aeabi_dmul
                0x0000000008003450                __muldf3
                0x00000000080036a4                __aeabi_ddiv
                0x00000000080036a4                __divdf3
 .text          0x0000000008003874       0x50 /usr/bin/../lib/gcc/arm-none-eabi/7.3.1/thumb/v7-m/libgcc.a(_arm_fixdfsi.o)
                0x0000000008003874                __fixdfsi
                0x0000000008003874                __aeabi_d2iz
 .text          0x00000000080038c4      0x21c /usr/bin/../lib/gcc/arm-none-eabi/7.3.1/thumb/v7-m/libgcc.a(_arm_addsubsf3.o)
                0x00000000080038c4                __aeabi_frsub
                0x00000000080038cc                __subsf3
                0x00000000080038cc                __aeabi_fsub
                0x00000000080038d0                __aeabi_fadd
                0x00000000080038d0                __addsf3
                0x0000000008003a30                __aeabi_ui2f
                0x0000000008003a30                __floatunsisf
                0x0000000008003a38                __aeabi_i2f
                0x0000000008003a38                __floatsisf
                0x0000000008003a54                __floatundisf
                0x0000000008003a54                __aeabi_ul2f
                0x0000000008003a64                __floatdisf
                0x0000000008003a64                __aeabi_l2f
 .text          0x0000000008003ae0      0x2a0 /usr/bin/../lib/gcc/arm-none-eabi/7.3.1/thumb/v7-m/libgcc.a(_arm_muldivsf3.o)
                0x0000000008003ae0                __mulsf3
                0x0000000008003ae0                __aeabi_fmul
                0x0000000008003c48                __divsf3
                0x0000000008003c48                __aeabi_fdiv
 .text          0x0000000008003d80       0xec /usr/bin/../lib/gcc/arm-none-eabi/7.3.1/thumb/v7-m/libgcc.a(_arm_cmpsf2.o)
                0x0000000008003d80                __gtsf2
                0x0000000008003d80                __gesf2
                0x0000000008003d88                __lesf2
                0x0000000008003d88                __ltsf2
                0x0000000008003d90                __nesf2
                0x0000000008003d90                __eqsf2
                0x0000000008003d90                __cmpsf2
                0x0000000008003df0                __aeabi_cfrcmple
                0x0000000008003df8                __aeabi_cfcmple
                0x0000000008003df8                __aeabi_cfcmpeq
                0x0000000008003e08                __aeabi_fcmpeq
                0x0000000008003e1c                __aeabi_fcmplt
                0x0000000008003e30                __aeabi_fcmple
                0x0000000008003e44                __aeabi_fcmpge
                0x0000000008003e58                __aeabi_fcmpgt
 .text          0x0000000008003e6c       0x40 /usr/bin/../lib/gcc/arm-none-eabi/7.3.1/thumb/v7-m/libgcc.a(_arm_fixunssfsi.o)
                0x0000000008003e6c                __aeabi_f2uiz
                0x0000000008003e6c                __fixunssfsi
 .text          0x0000000008003eac      0xa00 /usr/bin/../lib/gcc/arm-none-eabi/7.3.1/thumb/v7-m/libgcc.a(unwind-arm.o)
                0x0000000008004168                _Unwind_GetCFA
                0x000000000800416c                __gnu_Unwind_RaiseException
                0x00000000080041cc                __gnu_Unwind_ForcedUnwind
                0x00000000080041e0                __gnu_Unwind_Resume
                0x0000000008004224                __gnu_Unwind_Resume_or_Rethrow
                0x0000000008004238                _Unwind_Complete
                0x000000000800423c                _Unwind_DeleteException
                0x0000000008004248                _Unwind_VRS_Get
                0x000000000800428c                _Unwind_VRS_Set
                0x00000000080042d4                __gnu_Unwind_Backtrace
                0x000000000800461c                __aeabi_unwind_cpp_pr0
                0x0000000008004620                __aeabi_unwind_cpp_pr1
                0x0000000008004624                __aeabi_unwind_cpp_pr2
                0x0000000008004628                _Unwind_VRS_Pop
 .text          0x00000000080048ac      0x1ac /usr/bin/../lib/gcc/arm-none-eabi/7.3.1/thumb/v7-m/libgcc.a(libunwind.o)
                0x00000000080048ac                __restore_core_regs
                0x00000000080048ac                restore_core_regs
                0x00000000080048c4                __gnu_Unwind_Restore_VFP
                0x00000000080048cc                __gnu_Unwind_Save_VFP
                0x00000000080048d4                __gnu_Unwind_Restore_VFP_D
                0x00000000080048dc                __gnu_Unwind_Save_VFP_D
                0x00000000080048e4                __gnu_Unwind_Restore_VFP_D_16_to_31
                0x00000000080048ec                __gnu_Unwind_Save_VFP_D_16_to_31
                0x00000000080048f4                __gnu_Unwind_Restore_WMMXD
                0x0000000008004938                __gnu_Unwind_Save_WMMXD
                0x000000000800497c                __gnu_Unwind_Restore_WMMXC
                0x0000000008004990                __gnu_Unwind_Save_WMMXC
                0x00000000080049a4                ___Unwind_RaiseException
                0x00000000080049a4                _Unwind_RaiseException
                0x00000000080049c8                ___Unwind_Resume
                0x00000000080049c8                _Unwind_Resume
                0x00000000080049ec                _Unwind_Resume_or_Rethrow
                0x00000000080049ec                ___Unwind_Resume_or_Rethrow
                0x0000000008004a10                ___Unwind_ForcedUnwind
                0x0000000008004a10                _Unwind_ForcedUnwind
                0x0000000008004a34                _Unwind_Backtrace
                0x0000000008004a34                ___Unwind_Backtrace
 .text          0x0000000008004a58      0x378 /usr/bin/../lib/gcc/arm-none-eabi/7.3.1/thumb/v7-m/libgcc.a(pr-support.o)
                0x0000000008004ab0                __gnu_unwind_execute
                0x0000000008004d74                __gnu_unwind_frame
                0x0000000008004da0                _Unwind_GetRegionStart
                0x0000000008004dac                _Unwind_GetLanguageSpecificData
                0x0000000008004dc0                _Unwind_GetDataRelBase
                0x0000000008004dc8                _Unwind_GetTextRelBase
 .text.memcpy   0x0000000008004dd0       0x16 /usr/bin/../lib/gcc/arm-none-eabi/7.3.1/../../../../arm-none-eabi/lib/thumb/v7-m/libg_nano.a(lib_a-memcpy-stub.o)
                0x0000000008004dd0                memcpy
 .text.memset   0x0000000008004de6       0x10 /usr/bin/../lib/gcc/arm-none-eabi/7.3.1/../../../../arm-none-eabi/lib/thumb/v7-m/libg_nano.a(lib_a-memset.o)
                0x0000000008004de6                memset
 *fill*         0x0000000008004df6        0x2 
 .text.sprintf  0x0000000008004df8       0x40 /usr/bin/../lib/gcc/arm-none-eabi/7.3.1/../../../../arm-none-eabi/lib/thumb/v7-m/libg_nano.a(lib_a-sprintf.o)
                0x0000000008004df8                sprintf
                0x0000000008004df8                siprintf
 .text.strcpy   0x0000000008004e38       0x10 /usr/bin/../lib/gcc/arm-none-eabi/7.3.1/../../../../arm-none-eabi/lib/thumb/v7-m/libg_nano.a(lib_a-strcpy.o)
                0x0000000008004e38                strcpy
 .text          0x0000000008004e48       0x10 /usr/bin/../lib/gcc/arm-none-eabi/7.3.1/../../../../arm-none-eabi/lib/thumb/v7-m/libg_nano.a(lib_a-strlen.o)
                0x0000000008004e48                strlen
 .text.strncpy  0x0000000008004e58       0x2a /usr/bin/../lib/gcc/arm-none-eabi/7.3.1/../../../../arm-none-eabi/lib/thumb/v7-m/libg_nano.a(lib_a-strncpy.o)
                0x0000000008004e58                strncpy
 .text.__ssputs_r
                0x0000000008004e82       0xb4 /usr/bin/../lib/gcc/arm-none-eabi/7.3.1/../../../../arm-none-eabi/lib/thumb/v7-m/libg_nano.a(lib_a-nano-svfprintf.o)
                0x0000000008004e82                __ssputs_r
 *fill*         0x0000000008004f36        0x2 
 .text._svfprintf_r
                0x0000000008004f38      0x1f0 /usr/bin/../lib/gcc/arm-none-eabi/7.3.1/../../../../arm-none-eabi/lib/thumb/v7-m/libg_nano.a(lib_a-nano-svfprintf.o)
                0x0000000008004f38                _svfprintf_r
                0x0000000008004f38                _svfiprintf_r
 .text._printf_common
                0x0000000008005128       0xec /usr/bin/../lib/gcc/arm-none-eabi/7.3.1/../../../../arm-none-eabi/lib/thumb/v7-m/libg_nano.a(lib_a-nano-vfprintf_i.o)
                0x0000000008005128                _printf_common
 .text._printf_i
                0x0000000008005214      0x224 /usr/bin/../lib/gcc/arm-none-eabi/7.3.1/../../../../arm-none-eabi/lib/thumb/v7-m/libg_nano.a(lib_a-nano-vfprintf_i.o)
                0x0000000008005214                _printf_i
 .text.memchr   0x0000000008005438       0x1c /usr/bin/../lib/gcc/arm-none-eabi/7.3.1/../../../../arm-none-eabi/lib/thumb/v7-m/libg_nano.a(lib_a-memchr-stub.o)
                0x0000000008005438                memchr
 .text.memmove  0x0000000008005454       0x32 /usr/bin/../lib/gcc/arm-none-eabi/7.3.1/../../../../arm-none-eabi/lib/thumb/v7-m/libg_nano.a(lib_a-memmove.o)
                0x0000000008005454                memmove
 *fill*         0x0000000008005486        0x2 
 .text._free_r  0x0000000008005488       0x98 /usr/bin/../lib/gcc/arm-none-eabi/7.3.1/../../../../arm-none-eabi/lib/thumb/v7-m/libg_nano.a(lib_a-nano-freer.o)
                0x0000000008005488                _free_r
 .text._malloc_r
                0x0000000008005520       0xb4 /usr/bin/../lib/gcc/arm-none-eabi/7.3.1/../../../../arm-none-eabi/lib/thumb/v7-m/libg_nano.a(lib_a-nano-mallocr.o)
                0x0000000008005520                _malloc_r
 .text._realloc_r
                0x00000000080055d4       0x4c /usr/bin/../lib/gcc/arm-none-eabi/7.3.1/../../../../arm-none-eabi/lib/thumb/v7-m/libg_nano.a(lib_a-nano-reallocr.o)
                0x00000000080055d4                _realloc_r
 .text._sbrk_r  0x0000000008005620       0x20 /usr/bin/../lib/gcc/arm-none-eabi/7.3.1/../../../../arm-none-eabi/lib/thumb/v7-m/libg_nano.a(lib_a-sbrkr.o)
                0x0000000008005620                _sbrk_r
 .text.__malloc_lock
                0x0000000008005640        0x2 /usr/bin/../lib/gcc/arm-none-eabi/7.3.1/../../../../arm-none-eabi/lib/thumb/v7-m/libg_nano.a(lib_a-mlock.o)
                0x0000000008005640                __malloc_lock
 .text.__malloc_unlock
                0x0000000008005642        0x2 /usr/bin/../lib/gcc/arm-none-eabi/7.3.1/../../../../arm-none-eabi/lib/thumb/v7-m/libg_nano.a(lib_a-mlock.o)
                0x0000000008005642                __malloc_unlock
 .text._malloc_usable_size_r
                0x0000000008005644       0x10 /usr/bin/../lib/gcc/arm-none-eabi/7.3.1/../../../../arm-none-eabi/lib/thumb/v7-m/libg_nano.a(lib_a-nano-msizer.o)
                0x0000000008005644                _malloc_usable_size_r
 *(.init)
 *(.fini)
 *crtbegin.o(.ctors)
 *crtbegin?.o(.ctors)
 *(EXCLUDE_FILE(*crtend.o *crtend?.o) .ctors)
 *(SORT_BY_NAME(.ctors.*))
 *(.ctors)
 *crtbegin.o(.dtors)
 *crtbegin?.o(.dtors)
 *(EXCLUDE_FILE(*crtend.o *crtend?.o) .dtors)
 *(SORT_BY_NAME(.dtors.*))
 *(.dtors)
 *(.rodata*)
 .rodata.str1.4
                0x0000000008005654       0x27 CMakeFiles/RS41HUPint.elf.dir/main.c.obj
 *fill*         0x000000000800567b        0x1 
 .rodata        0x000000000800567c       0xc9 CMakeFiles/RS41HUPint.elf.dir/morse.c.obj
                0x000000000800567c                MORSE_LETTERS
                0x00000000080056e4                MORSE_NUMBERS
                0x000000000800570c                Morse_Slash
                0x0000000008005714                Morse_Equal
                0x000000000800571c                Morse_FullStop
                0x0000000008005724                Morse_Comma
                0x000000000800572c                Morse_QuestionMark
                0x0000000008005734                Morse_Plus
                0x000000000800573c                Morse_AtSign
                0x0000000008005743                MORSE_DASH
                0x0000000008005744                MORSE_DOT
 *fill*         0x0000000008005745        0x3 
 .rodata.str1.4
                0x0000000008005748       0xdd CMakeFiles/RS41HUPint.elf.dir/morse.c.obj
                                         0xe5 (size before relaxing)
 *fill*         0x0000000008005825        0x3 
 .rodata.str1.4
                0x0000000008005828       0x84 CMakeFiles/RS41HUPint.elf.dir/aprs.cpp.obj
                                         0x81 (size before relaxing)
 .rodata._svfprintf_r.str1.1
                0x00000000080058ac       0x11 /usr/bin/../lib/gcc/arm-none-eabi/7.3.1/../../../../arm-none-eabi/lib/thumb/v7-m/libg_nano.a(lib_a-nano-svfprintf.o)
 .rodata._printf_i.str1.1
                0x00000000080058bd       0x22 /usr/bin/../lib/gcc/arm-none-eabi/7.3.1/../../../../arm-none-eabi/lib/thumb/v7-m/libg_nano.a(lib_a-nano-vfprintf_i.o)
 *(.eh_fram e*)

.glue_7         0x00000000080058e0        0x0
 .glue_7        0x00000000080058e0        0x0 linker stubs

.glue_7t        0x00000000080058e0        0x0
 .glue_7t       0x00000000080058e0        0x0 linker stubs

.vfp11_veneer   0x00000000080058e0        0x0
 .vfp11_veneer  0x00000000080058e0        0x0 linker stubs

.v4_bx          0x00000000080058e0        0x0
 .v4_bx         0x00000000080058e0        0x0 linker stubs

.iplt           0x00000000080058e0        0x0
 .iplt          0x00000000080058e0        0x0 CMakeFiles/RS41HUPint.elf.dir/cmsis_boot/startup/startup_stm32f10x_md_vl.c.obj

.ARM.extab      0x00000000080058e0       0x18
 *(.ARM.extab* .gnu.linkonce.armextab.*)
 .ARM.extab     0x00000000080058e0       0x18 /usr/bin/../lib/gcc/arm-none-eabi/7.3.1/thumb/v7-m/libgcc.a(pr-support.o)
                0x00000000080058f8                __exidx_start = .

.ARM.exidx      0x00000000080058f8       0xf8
 *(.ARM.exidx* .gnu.linkonce.armexidx.*)
 .ARM.exidx.text._ZN9QAPRSBase12ax25SendByteEh
                0x00000000080058f8        0x8 CMakeFiles/RS41HUPint.elf.dir/QAPRSBase.cpp.obj
 .ARM.exidx.text._ZN9QAPRSBase4sendEPcj
                0x0000000008005900        0x8 CMakeFiles/RS41HUPint.elf.dir/QAPRSBase.cpp.obj
 .ARM.exidx.text._ZN9QAPRSBase8sendDataEPc
                0x0000000008005908        0x8 CMakeFiles/RS41HUPint.elf.dir/QAPRSBase.cpp.obj
 .ARM.exidx.text._ZN9QAPRSBase11parseRelaysEPKcPc
                0x0000000008005910        0x0 CMakeFiles/RS41HUPint.elf.dir/QAPRSBase.cpp.obj
                                          0x8 (size before relaxing)
 .ARM.exidx.text._ZN9QAPRSBase4initEaaPchS0_hS0_
                0x0000000008005910        0x8 CMakeFiles/RS41HUPint.elf.dir/QAPRSBase.cpp.obj
 .ARM.exidx.text._ZN9QAPRSBase21timerInterruptHandlerEv
                0x0000000008005918        0x8 CMakeFiles/RS41HUPint.elf.dir/QAPRSBase.cpp.obj
 .ARM.exidx.text.aprs_init
                0x0000000008005920        0x8 CMakeFiles/RS41HUPint.elf.dir/aprs.cpp.obj
 .ARM.exidx.text.aprs_timer_handler
                0x0000000008005928        0x8 CMakeFiles/RS41HUPint.elf.dir/aprs.cpp.obj
 .ARM.exidx.text.aprs_is_active
                0x0000000008005930        0x0 CMakeFiles/RS41HUPint.elf.dir/aprs.cpp.obj
                                          0x8 (size before relaxing)
 .ARM.exidx.text.aprs_send_position
                0x0000000008005930       0x10 CMakeFiles/RS41HUPint.elf.dir/aprs.cpp.obj
                                          0x8 (size before relaxing)
 .ARM.exidx     0x0000000008005940       0x78 /usr/bin/../lib/gcc/arm-none-eabi/7.3.1/thumb/v7-m/libgcc.a(unwind-arm.o)
                                         0xd8 (size before relaxing)
 .ARM.exidx     0x00000000080059b8       0x38 /usr/bin/../lib/gcc/arm-none-eabi/7.3.1/thumb/v7-m/libgcc.a(pr-support.o)
                                         0x48 (size before relaxing)
                0x00000000080059f0                __exidx_end = .
                0x00000000080059f0                __etext = .
                0x00000000080059f0                _sidata = __etext

.rel.dyn        0x00000000080059f0        0x0
 .rel.iplt      0x00000000080059f0        0x0 CMakeFiles/RS41HUPint.elf.dir/cmsis_boot/startup/startup_stm32f10x_md_vl.c.obj

.data           0x0000000020000000       0xdc load address 0x00000000080059f0
                0x0000000020000000                __data_start__ = .
                0x0000000020000000                _sdata = __data_start__
 *(vtable)
 *(.data*)
 .data          0x0000000020000000       0x63 CMakeFiles/RS41HUPint.elf.dir/main.c.obj
                0x0000000020000000                msg
                0x0000000020000020                adc_bottom
                0x0000000020000024                led_enabled
                0x0000000020000028                cun
                0x000000002000002c                CRC_rtty
                0x0000000020000030                led_timeout
                0x0000000020000034                status
                0x0000000020000038                rtty_comment
                0x0000000020000054                callsign
 *fill*         0x0000000020000063        0x1 
 .data          0x0000000020000064       0x14 CMakeFiles/RS41HUPint.elf.dir/stm_lib/src/stm32f10x_rcc.c.obj
 .data._impure_ptr
                0x0000000020000078        0x4 /usr/bin/../lib/gcc/arm-none-eabi/7.3.1/../../../../arm-none-eabi/lib/thumb/v7-m/libg_nano.a(lib_a-impure.o)
                0x0000000020000078                _impure_ptr
 .data.impure_data
                0x000000002000007c       0x60 /usr/bin/../lib/gcc/arm-none-eabi/7.3.1/../../../../arm-none-eabi/lib/thumb/v7-m/libg_nano.a(lib_a-impure.o)
                0x00000000200000dc                . = ALIGN (0x4)
                [!provide]                        PROVIDE (__preinit_array_start = .)
 *(.preinit_array)
                [!provide]                        PROVIDE (__preinit_array_end = .)
                0x00000000200000dc                . = ALIGN (0x4)
                [!provide]                        PROVIDE (__init_array_start = .)
 *(SORT_BY_NAME(.init_array.*))
 *(.init_array)
                [!provide]                        PROVIDE (__init_array_end = .)
                0x00000000200000dc                . = ALIGN (0x4)
                [!provide]                        PROVIDE (__fini_array_start = .)
 *(SORT_BY_NAME(.fini_array.*))
 *(.fini_array)
                [!provide]                        PROVIDE (__fini_array_end = .)
 *(.jcr*)
                0x00000000200000dc                . = ALIGN (0x4)
                0x00000000200000dc                __data_end__ = .
                0x00000000200000dc                _edata = __data_end__

.igot.plt       0x00000000200000dc        0x0 load address 0x0000000008005acc
 .igot.plt      0x00000000200000dc        0x0 CMakeFiles/RS41HUPint.elf.dir/cmsis_boot/startup/startup_stm32f10x_md_vl.c.obj

.bss            0x00000000200000dc      0x3c0 load address 0x0000000008005acc
                0x00000000200000dc                . = ALIGN (0x4)
                0x00000000200000dc                __bss_start__ = .
                0x00000000200000dc                _sbss = __bss_start__
 *(.bss*)
 .bss           0x00000000200000dc        0x1 CMakeFiles/RS41HUPint.elf.dir/f_rtty.c.obj
 *fill*         0x00000000200000dd        0x3 
 .bss           0x00000000200000e0        0xc CMakeFiles/RS41HUPint.elf.dir/main.c.obj
                0x00000000200000e0                rxbuf_pos
                0x00000000200000e4                button_pressed
                0x00000000200000e6                disable_armed
                0x00000000200000e7                tx_on
                0x00000000200000e8                send_rtty_status
                0x00000000200000e9                tx_enable
                0x00000000200000ea                pun
                0x00000000200000eb                flaga
 .bss           0x00000000200000ec        0x4 CMakeFiles/RS41HUPint.elf.dir/syscalls/syscalls.c.obj
 .bss           0x00000000200000f0       0x69 CMakeFiles/RS41HUPint.elf.dir/ublox.c.obj
                0x00000000200000f0                ack_received
                0x00000000200000f1                nack_received
                0x0000000020000158                active
 *fill*         0x0000000020000159        0x3 
 .bss           0x000000002000015c       0x10 CMakeFiles/RS41HUPint.elf.dir/QAPRSBase.cpp.obj
                0x0000000020000164                QAPRSGlobalObject
                0x0000000020000168                ADCVal
 .bss           0x000000002000016c      0x176 CMakeFiles/RS41HUPint.elf.dir/aprs.cpp.obj
                0x000000002000016c                qaprs
 *fill*         0x00000000200002e2        0x2 
 .bss.__malloc_free_list
                0x00000000200002e4        0x4 /usr/bin/../lib/gcc/arm-none-eabi/7.3.1/../../../../arm-none-eabi/lib/thumb/v7-m/libg_nano.a(lib_a-nano-mallocr.o)
                0x00000000200002e4                __malloc_free_list
 .bss.__malloc_sbrk_start
                0x00000000200002e8        0x4 /usr/bin/../lib/gcc/arm-none-eabi/7.3.1/../../../../arm-none-eabi/lib/thumb/v7-m/libg_nano.a(lib_a-nano-mallocr.o)
                0x00000000200002e8                __malloc_sbrk_start
 *(COMMON)
 COMMON         0x00000000200002ec        0x1 CMakeFiles/RS41HUPint.elf.dir/delay.c.obj
                0x00000000200002ec                done
 COMMON         0x00000000200002ed        0x1 CMakeFiles/RS41HUPint.elf.dir/f_rtty.c.obj
                0x00000000200002ed                start_bits
 *fill*         0x00000000200002ee        0x2 
 COMMON         0x00000000200002f0       0x68 CMakeFiles/RS41HUPint.elf.dir/init.c.obj
                0x00000000200002f0                ADC_InitStructure
                0x0000000020000304                GPIO_Conf
                0x0000000020000308                SPI_InitStructure
                0x000000002000031c                USART_InitStructure
                0x000000002000032c                DMA_InitStructure
 COMMON         0x0000000020000358      0x124 CMakeFiles/RS41HUPint.elf.dir/main.c.obj
                0x0000000020000358                rxbuf
                0x0000000020000378                send_cun
                0x000000002000037c                si4032_temperature
                0x0000000020000380                locator
                0x000000002000038e                voltage
                0x0000000020000390                gpsData
                0x00000000200003ac                buffer
                0x0000000020000474                rtty_buf
                0x0000000020000478                tx_on_delay
 COMMON         0x000000002000047c       0x1c CMakeFiles/RS41HUPint.elf.dir/ublox.c.obj
                0x000000002000047c                currentGPSData
 COMMON         0x0000000020000498        0x4 /usr/bin/../lib/gcc/arm-none-eabi/7.3.1/../../../../arm-none-eabi/lib/thumb/v7-m/libg_nano.a(lib_a-reent.o)
                0x0000000020000498                errno
                0x000000002000049c                . = ALIGN (0x4)
                0x000000002000049c                __bss_end__ = .
                0x000000002000049c                _ebss = __bss_end__

.heap           0x000000002000049c        0x0
                0x000000002000049c                __end__ = .
                0x000000002000049c                _end = __end__
                0x000000002000049c                end = __end__
 *(.heap*)
                0x000000002000049c                __HeapLimit = .

.co_stack       0x000000002000049c      0x404 load address 0x0000000008005e8c
                0x00000000200004a0                . = ALIGN (0x8)
 *fill*         0x000000002000049c        0x4 
 *(.co_stack .co_stack.*)
 .co_stack      0x00000000200004a0      0x400 CMakeFiles/RS41HUPint.elf.dir/cmsis_boot/startup/startup_stm32f10x_md_vl.c.obj
                0x00000000200004a0                pulStack
                0x0000000020002000                __StackTop = (ORIGIN (ram) + LENGTH (ram))
                0x0000000020001bfc                __StackLimit = (__StackTop - SIZEOF (.co_stack))
                [!provide]                        PROVIDE (__stack = __StackTop)
                0x0000000000000001                ASSERT ((__StackLimit >= __HeapLimit), region ram  overflowed with stack)
OUTPUT(RS41HUPint.elf elf32-littlearm)

.debug_info     0x0000000000000000    0x14c42
 .debug_info    0x0000000000000000      0x135 CMakeFiles/RS41HUPint.elf.dir/cmsis_boot/startup/startup_stm32f10x_md_vl.c.obj
 .debug_info    0x0000000000000135      0x858 CMakeFiles/RS41HUPint.elf.dir/delay.c.obj
 .debug_info    0x000000000000098d      0x11d CMakeFiles/RS41HUPint.elf.dir/f_rtty.c.obj
 .debug_info    0x0000000000000aaa     0x1b10 CMakeFiles/RS41HUPint.elf.dir/init.c.obj
 .debug_info    0x00000000000025ba      0x1b6 CMakeFiles/RS41HUPint.elf.dir/locator.c.obj
 .debug_info    0x0000000000002770     0x1ca9 CMakeFiles/RS41HUPint.elf.dir/main.c.obj
 .debug_info    0x0000000000004419      0x9c9 CMakeFiles/RS41HUPint.elf.dir/morse.c.obj
 .debug_info    0x0000000000004de2      0xdff CMakeFiles/RS41HUPint.elf.dir/radio.c.obj
 .debug_info    0x0000000000005be1      0x54b CMakeFiles/RS41HUPint.elf.dir/stm_lib/src/misc.c.obj
 .debug_info    0x000000000000612c      0xc33 CMakeFiles/RS41HUPint.elf.dir/stm_lib/src/stm32f10x_adc.c.obj
 .debug_info    0x0000000000006d5f      0x488 CMakeFiles/RS41HUPint.elf.dir/stm_lib/src/stm32f10x_dma.c.obj
 .debug_info    0x00000000000071e7     0x1569 CMakeFiles/RS41HUPint.elf.dir/stm_lib/src/stm32f10x_flash.c.obj
 .debug_info    0x0000000000008750      0x897 CMakeFiles/RS41HUPint.elf.dir/stm_lib/src/stm32f10x_gpio.c.obj
 .debug_info    0x0000000000008fe7      0x9af CMakeFiles/RS41HUPint.elf.dir/stm_lib/src/stm32f10x_rcc.c.obj
 .debug_info    0x0000000000009996      0x9d3 CMakeFiles/RS41HUPint.elf.dir/stm_lib/src/stm32f10x_spi.c.obj
 .debug_info    0x000000000000a369     0x25a1 CMakeFiles/RS41HUPint.elf.dir/stm_lib/src/stm32f10x_tim.c.obj
 .debug_info    0x000000000000c90a      0xb30 CMakeFiles/RS41HUPint.elf.dir/stm_lib/src/stm32f10x_usart.c.obj
 .debug_info    0x000000000000d43a      0xc9a CMakeFiles/RS41HUPint.elf.dir/syscalls/syscalls.c.obj
 .debug_info    0x000000000000e0d4     0x21d3 CMakeFiles/RS41HUPint.elf.dir/ublox.c.obj
 .debug_info    0x00000000000102a7     0x30c5 CMakeFiles/RS41HUPint.elf.dir/QAPRSBase.cpp.obj
 .debug_info    0x000000000001336c     0x18d6 CMakeFiles/RS41HUPint.elf.dir/aprs.cpp.obj

.debug_abbrev   0x0000000000000000     0x346d
 .debug_abbrev  0x0000000000000000       0xf3 CMakeFiles/RS41HUPint.elf.dir/cmsis_boot/startup/startup_stm32f10x_md_vl.c.obj
 .debug_abbrev  0x00000000000000f3      0x20e CMakeFiles/RS41HUPint.elf.dir/delay.c.obj
 .debug_abbrev  0x0000000000000301       0xc8 CMakeFiles/RS41HUPint.elf.dir/f_rtty.c.obj
 .debug_abbrev  0x00000000000003c9      0x301 CMakeFiles/RS41HUPint.elf.dir/init.c.obj
 .debug_abbrev  0x00000000000006ca       0xb8 CMakeFiles/RS41HUPint.elf.dir/locator.c.obj
 .debug_abbrev  0x0000000000000782      0x46a CMakeFiles/RS41HUPint.elf.dir/main.c.obj
 .debug_abbrev  0x0000000000000bec      0x22b CMakeFiles/RS41HUPint.elf.dir/morse.c.obj
 .debug_abbrev  0x0000000000000e17      0x26c CMakeFiles/RS41HUPint.elf.dir/radio.c.obj
 .debug_abbrev  0x0000000000001083      0x183 CMakeFiles/RS41HUPint.elf.dir/stm_lib/src/misc.c.obj
 .debug_abbrev  0x0000000000001206      0x1fb CMakeFiles/RS41HUPint.elf.dir/stm_lib/src/stm32f10x_adc.c.obj
 .debug_abbrev  0x0000000000001401      0x21e CMakeFiles/RS41HUPint.elf.dir/stm_lib/src/stm32f10x_dma.c.obj
 .debug_abbrev  0x000000000000161f      0x276 CMakeFiles/RS41HUPint.elf.dir/stm_lib/src/stm32f10x_flash.c.obj
 .debug_abbrev  0x0000000000001895      0x217 CMakeFiles/RS41HUPint.elf.dir/stm_lib/src/stm32f10x_gpio.c.obj
 .debug_abbrev  0x0000000000001aac      0x281 CMakeFiles/RS41HUPint.elf.dir/stm_lib/src/stm32f10x_rcc.c.obj
 .debug_abbrev  0x0000000000001d2d      0x1fb CMakeFiles/RS41HUPint.elf.dir/stm_lib/src/stm32f10x_spi.c.obj
 .debug_abbrev  0x0000000000001f28      0x2ca CMakeFiles/RS41HUPint.elf.dir/stm_lib/src/stm32f10x_tim.c.obj
 .debug_abbrev  0x00000000000021f2      0x1f9 CMakeFiles/RS41HUPint.elf.dir/stm_lib/src/stm32f10x_usart.c.obj
 .debug_abbrev  0x00000000000023eb      0x275 CMakeFiles/RS41HUPint.elf.dir/syscalls/syscalls.c.obj
 .debug_abbrev  0x0000000000002660      0x3b9 CMakeFiles/RS41HUPint.elf.dir/ublox.c.obj
 .debug_abbrev  0x0000000000002a19      0x5af CMakeFiles/RS41HUPint.elf.dir/QAPRSBase.cpp.obj
 .debug_abbrev  0x0000000000002fc8      0x4a5 CMakeFiles/RS41HUPint.elf.dir/aprs.cpp.obj

.debug_aranges  0x0000000000000000      0xce8
 .debug_aranges
                0x0000000000000000       0x28 CMakeFiles/RS41HUPint.elf.dir/cmsis_boot/startup/startup_stm32f10x_md_vl.c.obj
 .debug_aranges
                0x0000000000000028       0x38 CMakeFiles/RS41HUPint.elf.dir/delay.c.obj
 .debug_aranges
                0x0000000000000060       0x20 CMakeFiles/RS41HUPint.elf.dir/f_rtty.c.obj
 .debug_aranges
                0x0000000000000080       0x58 CMakeFiles/RS41HUPint.elf.dir/init.c.obj
 .debug_aranges
                0x00000000000000d8       0x20 CMakeFiles/RS41HUPint.elf.dir/locator.c.obj
 .debug_aranges
                0x00000000000000f8       0x60 CMakeFiles/RS41HUPint.elf.dir/main.c.obj
 .debug_aranges
                0x0000000000000158       0x30 CMakeFiles/RS41HUPint.elf.dir/morse.c.obj
 .debug_aranges
                0x0000000000000188       0x58 CMakeFiles/RS41HUPint.elf.dir/radio.c.obj
 .debug_aranges
                0x00000000000001e0       0x40 CMakeFiles/RS41HUPint.elf.dir/stm_lib/src/misc.c.obj
 .debug_aranges
                0x0000000000000220      0x138 CMakeFiles/RS41HUPint.elf.dir/stm_lib/src/stm32f10x_adc.c.obj
 .debug_aranges
                0x0000000000000358       0x60 CMakeFiles/RS41HUPint.elf.dir/stm_lib/src/stm32f10x_dma.c.obj
 .debug_aranges
                0x00000000000003b8       0xd8 CMakeFiles/RS41HUPint.elf.dir/stm_lib/src/stm32f10x_flash.c.obj
 .debug_aranges
                0x0000000000000490       0xa8 CMakeFiles/RS41HUPint.elf.dir/stm_lib/src/stm32f10x_gpio.c.obj
 .debug_aranges
                0x0000000000000538      0x120 CMakeFiles/RS41HUPint.elf.dir/stm_lib/src/stm32f10x_rcc.c.obj
 .debug_aranges
                0x0000000000000658       0xd0 CMakeFiles/RS41HUPint.elf.dir/stm_lib/src/stm32f10x_spi.c.obj
 .debug_aranges
                0x0000000000000728      0x2c0 CMakeFiles/RS41HUPint.elf.dir/stm_lib/src/stm32f10x_tim.c.obj
 .debug_aranges
                0x00000000000009e8      0x100 CMakeFiles/RS41HUPint.elf.dir/stm_lib/src/stm32f10x_usart.c.obj
 .debug_aranges
                0x0000000000000ae8       0x58 CMakeFiles/RS41HUPint.elf.dir/syscalls/syscalls.c.obj
 .debug_aranges
                0x0000000000000b40       0x60 CMakeFiles/RS41HUPint.elf.dir/ublox.c.obj
 .debug_aranges
                0x0000000000000ba0       0xf8 CMakeFiles/RS41HUPint.elf.dir/QAPRSBase.cpp.obj
 .debug_aranges
                0x0000000000000c98       0x50 CMakeFiles/RS41HUPint.elf.dir/aprs.cpp.obj

.debug_ranges   0x0000000000000000     0x22a0
 .debug_ranges  0x0000000000000000       0x18 CMakeFiles/RS41HUPint.elf.dir/cmsis_boot/startup/startup_stm32f10x_md_vl.c.obj
 .debug_ranges  0x0000000000000018       0x40 CMakeFiles/RS41HUPint.elf.dir/delay.c.obj
 .debug_ranges  0x0000000000000058       0x10 CMakeFiles/RS41HUPint.elf.dir/f_rtty.c.obj
 .debug_ranges  0x0000000000000068      0x100 CMakeFiles/RS41HUPint.elf.dir/init.c.obj
 .debug_ranges  0x0000000000000168       0x60 CMakeFiles/RS41HUPint.elf.dir/locator.c.obj
 .debug_ranges  0x00000000000001c8       0xf0 CMakeFiles/RS41HUPint.elf.dir/main.c.obj
 .debug_ranges  0x00000000000002b8      0x240 CMakeFiles/RS41HUPint.elf.dir/morse.c.obj
 .debug_ranges  0x00000000000004f8      0x158 CMakeFiles/RS41HUPint.elf.dir/radio.c.obj
 .debug_ranges  0x0000000000000650       0x30 CMakeFiles/RS41HUPint.elf.dir/stm_lib/src/misc.c.obj
 .debug_ranges  0x0000000000000680      0x128 CMakeFiles/RS41HUPint.elf.dir/stm_lib/src/stm32f10x_adc.c.obj
 .debug_ranges  0x00000000000007a8       0x50 CMakeFiles/RS41HUPint.elf.dir/stm_lib/src/stm32f10x_dma.c.obj
 .debug_ranges  0x00000000000007f8      0xbd8 CMakeFiles/RS41HUPint.elf.dir/stm_lib/src/stm32f10x_flash.c.obj
 .debug_ranges  0x00000000000013d0       0x98 CMakeFiles/RS41HUPint.elf.dir/stm_lib/src/stm32f10x_gpio.c.obj
 .debug_ranges  0x0000000000001468      0x130 CMakeFiles/RS41HUPint.elf.dir/stm_lib/src/stm32f10x_rcc.c.obj
 .debug_ranges  0x0000000000001598       0xc0 CMakeFiles/RS41HUPint.elf.dir/stm_lib/src/stm32f10x_spi.c.obj
 .debug_ranges  0x0000000000001658      0x3d8 CMakeFiles/RS41HUPint.elf.dir/stm_lib/src/stm32f10x_tim.c.obj
 .debug_ranges  0x0000000000001a30       0xf0 CMakeFiles/RS41HUPint.elf.dir/stm_lib/src/stm32f10x_usart.c.obj
 .debug_ranges  0x0000000000001b20       0x48 CMakeFiles/RS41HUPint.elf.dir/syscalls/syscalls.c.obj
 .debug_ranges  0x0000000000001b68      0x158 CMakeFiles/RS41HUPint.elf.dir/ublox.c.obj
 .debug_ranges  0x0000000000001cc0      0x568 CMakeFiles/RS41HUPint.elf.dir/QAPRSBase.cpp.obj
 .debug_ranges  0x0000000000002228       0x78 CMakeFiles/RS41HUPint.elf.dir/aprs.cpp.obj

.debug_line     0x0000000000000000     0x58a6
 .debug_line    0x0000000000000000       0xa6 CMakeFiles/RS41HUPint.elf.dir/cmsis_boot/startup/startup_stm32f10x_md_vl.c.obj
 .debug_line    0x00000000000000a6      0x204 CMakeFiles/RS41HUPint.elf.dir/delay.c.obj
 .debug_line    0x00000000000002aa       0xef CMakeFiles/RS41HUPint.elf.dir/f_rtty.c.obj
 .debug_line    0x0000000000000399      0x486 CMakeFiles/RS41HUPint.elf.dir/init.c.obj
 .debug_line    0x000000000000081f       0xfc CMakeFiles/RS41HUPint.elf.dir/locator.c.obj
 .debug_line    0x000000000000091b      0x57e CMakeFiles/RS41HUPint.elf.dir/main.c.obj
 .debug_line    0x0000000000000e99      0x248 CMakeFiles/RS41HUPint.elf.dir/morse.c.obj
 .debug_line    0x00000000000010e1      0x2df CMakeFiles/RS41HUPint.elf.dir/radio.c.obj
 .debug_line    0x00000000000013c0      0x1f5 CMakeFiles/RS41HUPint.elf.dir/stm_lib/src/misc.c.obj
 .debug_line    0x00000000000015b5      0x544 CMakeFiles/RS41HUPint.elf.dir/stm_lib/src/stm32f10x_adc.c.obj
 .debug_line    0x0000000000001af9      0x2cd CMakeFiles/RS41HUPint.elf.dir/stm_lib/src/stm32f10x_dma.c.obj
 .debug_line    0x0000000000001dc6      0x822 CMakeFiles/RS41HUPint.elf.dir/stm_lib/src/stm32f10x_flash.c.obj
 .debug_line    0x00000000000025e8      0x539 CMakeFiles/RS41HUPint.elf.dir/stm_lib/src/stm32f10x_gpio.c.obj
 .debug_line    0x0000000000002b21      0x4c3 CMakeFiles/RS41HUPint.elf.dir/stm_lib/src/stm32f10x_rcc.c.obj
 .debug_line    0x0000000000002fe4      0x410 CMakeFiles/RS41HUPint.elf.dir/stm_lib/src/stm32f10x_spi.c.obj
 .debug_line    0x00000000000033f4      0xd44 CMakeFiles/RS41HUPint.elf.dir/stm_lib/src/stm32f10x_tim.c.obj
 .debug_line    0x0000000000004138      0x4ad CMakeFiles/RS41HUPint.elf.dir/stm_lib/src/stm32f10x_usart.c.obj
 .debug_line    0x00000000000045e5      0x1d3 CMakeFiles/RS41HUPint.elf.dir/syscalls/syscalls.c.obj
 .debug_line    0x00000000000047b8      0x54e CMakeFiles/RS41HUPint.elf.dir/ublox.c.obj
 .debug_line    0x0000000000004d06      0x89d CMakeFiles/RS41HUPint.elf.dir/QAPRSBase.cpp.obj
 .debug_line    0x00000000000055a3      0x303 CMakeFiles/RS41HUPint.elf.dir/aprs.cpp.obj

.debug_str      0x0000000000000000     0x49f5
 .debug_str     0x0000000000000000      0x186 CMakeFiles/RS41HUPint.elf.dir/cmsis_boot/startup/startup_stm32f10x_md_vl.c.obj
                                        0x1ac (size before relaxing)
 .debug_str     0x0000000000000186      0x65c CMakeFiles/RS41HUPint.elf.dir/delay.c.obj
                                        0x776 (size before relaxing)
 .debug_str     0x00000000000007e2       0x80 CMakeFiles/RS41HUPint.elf.dir/f_rtty.c.obj
                                        0x1cf (size before relaxing)
 .debug_str     0x0000000000000862      0x7e5 CMakeFiles/RS41HUPint.elf.dir/init.c.obj
                                        0xedb (size before relaxing)
 .debug_str     0x0000000000001047       0x9d CMakeFiles/RS41HUPint.elf.dir/locator.c.obj
                                        0x219 (size before relaxing)
 .debug_str     0x00000000000010e4      0x76c CMakeFiles/RS41HUPint.elf.dir/main.c.obj
                                        0xbdc (size before relaxing)
 .debug_str     0x0000000000001850      0x101 CMakeFiles/RS41HUPint.elf.dir/morse.c.obj
                                        0x309 (size before relaxing)
 .debug_str     0x0000000000001951       0xb7 CMakeFiles/RS41HUPint.elf.dir/radio.c.obj
                                        0x3dd (size before relaxing)
 .debug_str     0x0000000000001a08      0x14a CMakeFiles/RS41HUPint.elf.dir/stm_lib/src/misc.c.obj
                                        0x3fc (size before relaxing)
 .debug_str     0x0000000000001b52      0x3e3 CMakeFiles/RS41HUPint.elf.dir/stm_lib/src/stm32f10x_adc.c.obj
                                        0x750 (size before relaxing)
 .debug_str     0x0000000000001f35      0x121 CMakeFiles/RS41HUPint.elf.dir/stm_lib/src/stm32f10x_dma.c.obj
                                        0x3f5 (size before relaxing)
 .debug_str     0x0000000000002056      0x3f8 CMakeFiles/RS41HUPint.elf.dir/stm_lib/src/stm32f10x_flash.c.obj
                                        0x626 (size before relaxing)
 .debug_str     0x000000000000244e      0x237 CMakeFiles/RS41HUPint.elf.dir/stm_lib/src/stm32f10x_gpio.c.obj
                                        0x56e (size before relaxing)
 .debug_str     0x0000000000002685      0x374 CMakeFiles/RS41HUPint.elf.dir/stm_lib/src/stm32f10x_rcc.c.obj
                                        0x6ab (size before relaxing)
 .debug_str     0x00000000000029f9      0x24b CMakeFiles/RS41HUPint.elf.dir/stm_lib/src/stm32f10x_spi.c.obj
                                        0x67b (size before relaxing)
 .debug_str     0x0000000000002c44      0x9f0 CMakeFiles/RS41HUPint.elf.dir/stm_lib/src/stm32f10x_tim.c.obj
                                        0xe49 (size before relaxing)
 .debug_str     0x0000000000003634      0x331 CMakeFiles/RS41HUPint.elf.dir/stm_lib/src/stm32f10x_usart.c.obj
                                        0x70e (size before relaxing)
 .debug_str     0x0000000000003965      0x18f CMakeFiles/RS41HUPint.elf.dir/syscalls/syscalls.c.obj
                                        0x706 (size before relaxing)
 .debug_str     0x0000000000003af4      0x46d CMakeFiles/RS41HUPint.elf.dir/ublox.c.obj
                                        0xbc6 (size before relaxing)
 .debug_str     0x0000000000003f61      0x86b CMakeFiles/RS41HUPint.elf.dir/QAPRSBase.cpp.obj
                                        0xfeb (size before relaxing)
 .debug_str     0x00000000000047cc      0x229 CMakeFiles/RS41HUPint.elf.dir/aprs.cpp.obj
                                        0xf97 (size before relaxing)

.comment        0x0000000000000000       0x7f
 .comment       0x0000000000000000       0x7f CMakeFiles/RS41HUPint.elf.dir/cmsis_boot/startup/startup_stm32f10x_md_vl.c.obj
                                         0x80 (size before relaxing)
 .comment       0x000000000000007f       0x80 CMakeFiles/RS41HUPint.elf.dir/delay.c.obj
 .comment       0x000000000000007f       0x80 CMakeFiles/RS41HUPint.elf.dir/f_rtty.c.obj
 .comment       0x000000000000007f       0x80 CMakeFiles/RS41HUPint.elf.dir/init.c.obj
 .comment       0x000000000000007f       0x80 CMakeFiles/RS41HUPint.elf.dir/locator.c.obj
 .comment       0x000000000000007f       0x80 CMakeFiles/RS41HUPint.elf.dir/main.c.obj
 .comment       0x000000000000007f       0x80 CMakeFiles/RS41HUPint.elf.dir/morse.c.obj
 .comment       0x000000000000007f       0x80 CMakeFiles/RS41HUPint.elf.dir/radio.c.obj
 .comment       0x000000000000007f       0x80 CMakeFiles/RS41HUPint.elf.dir/stm_lib/src/misc.c.obj
 .comment       0x000000000000007f       0x80 CMakeFiles/RS41HUPint.elf.dir/stm_lib/src/stm32f10x_adc.c.obj
 .comment       0x000000000000007f       0x80 CMakeFiles/RS41HUPint.elf.dir/stm_lib/src/stm32f10x_dma.c.obj
 .comment       0x000000000000007f       0x80 CMakeFiles/RS41HUPint.elf.dir/stm_lib/src/stm32f10x_flash.c.obj
 .comment       0x000000000000007f       0x80 CMakeFiles/RS41HUPint.elf.dir/stm_lib/src/stm32f10x_gpio.c.obj
 .comment       0x000000000000007f       0x80 CMakeFiles/RS41HUPint.elf.dir/stm_lib/src/stm32f10x_rcc.c.obj
 .comment       0x000000000000007f       0x80 CMakeFiles/RS41HUPint.elf.dir/stm_lib/src/stm32f10x_spi.c.obj
 .comment       0x000000000000007f       0x80 CMakeFiles/RS41HUPint.elf.dir/stm_lib/src/stm32f10x_tim.c.obj
 .comment       0x000000000000007f       0x80 CMakeFiles/RS41HUPint.elf.dir/stm_lib/src/stm32f10x_usart.c.obj
 .comment       0x000000000000007f       0x80 CMakeFiles/RS41HUPint.elf.dir/syscalls/syscalls.c.obj
 .comment       0x000000000000007f       0x80 CMakeFiles/RS41HUPint.elf.dir/ublox.c.obj
 .comment       0x000000000000007f       0x80 CMakeFiles/RS41HUPint.elf.dir/QAPRSBase.cpp.obj
 .comment       0x000000000000007f       0x80 CMakeFiles/RS41HUPint.elf.dir/aprs.cpp.obj

.ARM.attributes
                0x0000000000000000       0x31
 .ARM.attributes
                0x0000000000000000       0x33 CMakeFiles/RS41HUPint.elf.dir/cmsis_boot/startup/startup_stm32f10x_md_vl.c.obj
 .ARM.attributes
                0x0000000000000033       0x33 CMakeFiles/RS41HUPint.elf.dir/delay.c.obj
 .ARM.attributes
                0x0000000000000066       0x33 CMakeFiles/RS41HUPint.elf.dir/f_rtty.c.obj
 .ARM.attributes
                0x0000000000000099       0x33 CMakeFiles/RS41HUPint.elf.dir/init.c.obj
 .ARM.attributes
                0x00000000000000cc       0x33 CMakeFiles/RS41HUPint.elf.dir/locator.c.obj
 .ARM.attributes
                0x00000000000000ff       0x33 CMakeFiles/RS41HUPint.elf.dir/main.c.obj
 .ARM.attributes
                0x0000000000000132       0x33 CMakeFiles/RS41HUPint.elf.dir/morse.c.obj
 .ARM.attributes
                0x0000000000000165       0x33 CMakeFiles/RS41HUPint.elf.dir/radio.c.obj
 .ARM.attributes
                0x0000000000000198       0x33 CMakeFiles/RS41HUPint.elf.dir/stm_lib/src/misc.c.obj
 .ARM.attributes
                0x00000000000001cb       0x33 CMakeFiles/RS41HUPint.elf.dir/stm_lib/src/stm32f10x_adc.c.obj
 .ARM.attributes
                0x00000000000001fe       0x33 CMakeFiles/RS41HUPint.elf.dir/stm_lib/src/stm32f10x_dma.c.obj
 .ARM.attributes
                0x0000000000000231       0x33 CMakeFiles/RS41HUPint.elf.dir/stm_lib/src/stm32f10x_flash.c.obj
 .ARM.attributes
                0x0000000000000264       0x33 CMakeFiles/RS41HUPint.elf.dir/stm_lib/src/stm32f10x_gpio.c.obj
 .ARM.attributes
                0x0000000000000297       0x33 CMakeFiles/RS41HUPint.elf.dir/stm_lib/src/stm32f10x_rcc.c.obj
 .ARM.attributes
                0x00000000000002ca       0x33 CMakeFiles/RS41HUPint.elf.dir/stm_lib/src/stm32f10x_spi.c.obj
 .ARM.attributes
                0x00000000000002fd       0x33 CMakeFiles/RS41HUPint.elf.dir/stm_lib/src/stm32f10x_tim.c.obj
 .ARM.attributes
                0x0000000000000330       0x33 CMakeFiles/RS41HUPint.elf.dir/stm_lib/src/stm32f10x_usart.c.obj
 .ARM.attributes
                0x0000000000000363       0x33 CMakeFiles/RS41HUPint.elf.dir/syscalls/syscalls.c.obj
 .ARM.attributes
                0x0000000000000396       0x33 CMakeFiles/RS41HUPint.elf.dir/ublox.c.obj
 .ARM.attributes
                0x00000000000003c9       0x33 CMakeFiles/RS41HUPint.elf.dir/QAPRSBase.cpp.obj
 .ARM.attributes
                0x00000000000003fc       0x33 CMakeFiles/RS41HUPint.elf.dir/aprs.cpp.obj
 .ARM.attributes
                0x000000000000042f       0x1d /usr/bin/../lib/gcc/arm-none-eabi/7.3.1/thumb/v7-m/libgcc.a(_arm_addsubdf3.o)
 .ARM.attributes
                0x000000000000044c       0x1d /usr/bin/../lib/gcc/arm-none-eabi/7.3.1/thumb/v7-m/libgcc.a(_arm_muldivdf3.o)
 .ARM.attributes
                0x0000000000000469       0x1d /usr/bin/../lib/gcc/arm-none-eabi/7.3.1/thumb/v7-m/libgcc.a(_arm_fixdfsi.o)
 .ARM.attributes
                0x0000000000000486       0x1d /usr/bin/../lib/gcc/arm-none-eabi/7.3.1/thumb/v7-m/libgcc.a(_arm_addsubsf3.o)
 .ARM.attributes
                0x00000000000004a3       0x1d /usr/bin/../lib/gcc/arm-none-eabi/7.3.1/thumb/v7-m/libgcc.a(_arm_muldivsf3.o)
 .ARM.attributes
                0x00000000000004c0       0x1d /usr/bin/../lib/gcc/arm-none-eabi/7.3.1/thumb/v7-m/libgcc.a(_arm_cmpsf2.o)
 .ARM.attributes
                0x00000000000004dd       0x1d /usr/bin/../lib/gcc/arm-none-eabi/7.3.1/thumb/v7-m/libgcc.a(_arm_fixunssfsi.o)
 .ARM.attributes
                0x00000000000004fa       0x2d /usr/bin/../lib/gcc/arm-none-eabi/7.3.1/../../../../arm-none-eabi/lib/thumb/v7-m/libg_nano.a(lib_a-memcpy-stub.o)
 .ARM.attributes
                0x0000000000000527       0x2d /usr/bin/../lib/gcc/arm-none-eabi/7.3.1/../../../../arm-none-eabi/lib/thumb/v7-m/libg_nano.a(lib_a-memset.o)
 .ARM.attributes
                0x0000000000000554       0x2d /usr/bin/../lib/gcc/arm-none-eabi/7.3.1/../../../../arm-none-eabi/lib/thumb/v7-m/libg_nano.a(lib_a-sprintf.o)
 .ARM.attributes
                0x0000000000000581       0x2d /usr/bin/../lib/gcc/arm-none-eabi/7.3.1/../../../../arm-none-eabi/lib/thumb/v7-m/libg_nano.a(lib_a-strcpy.o)
 .ARM.attributes
                0x00000000000005ae       0x17 /usr/bin/../lib/gcc/arm-none-eabi/7.3.1/../../../../arm-none-eabi/lib/thumb/v7-m/libg_nano.a(lib_a-strlen.o)
 .ARM.attributes
                0x00000000000005c5       0x2d /usr/bin/../lib/gcc/arm-none-eabi/7.3.1/../../../../arm-none-eabi/lib/thumb/v7-m/libg_nano.a(lib_a-strncpy.o)
 .ARM.attributes
                0x00000000000005f2       0x2d /usr/bin/../lib/gcc/arm-none-eabi/7.3.1/../../../../arm-none-eabi/lib/thumb/v7-m/libg_nano.a(lib_a-impure.o)
 .ARM.attributes
                0x000000000000061f       0x2d /usr/bin/../lib/gcc/arm-none-eabi/7.3.1/../../../../arm-none-eabi/lib/thumb/v7-m/libg_nano.a(lib_a-nano-svfprintf.o)
 .ARM.attributes
                0x000000000000064c       0x2d /usr/bin/../lib/gcc/arm-none-eabi/7.3.1/../../../../arm-none-eabi/lib/thumb/v7-m/libg_nano.a(lib_a-nano-vfprintf_i.o)
 .ARM.attributes
                0x0000000000000679       0x2d /usr/bin/../lib/gcc/arm-none-eabi/7.3.1/../../../../arm-none-eabi/lib/thumb/v7-m/libg_nano.a(lib_a-memchr-stub.o)
 .ARM.attributes
                0x00000000000006a6       0x2d /usr/bin/../lib/gcc/arm-none-eabi/7.3.1/../../../../arm-none-eabi/lib/thumb/v7-m/libg_nano.a(lib_a-memmove.o)
 .ARM.attributes
                0x00000000000006d3       0x2d /usr/bin/../lib/gcc/arm-none-eabi/7.3.1/../../../../arm-none-eabi/lib/thumb/v7-m/libg_nano.a(lib_a-nano-freer.o)
 .ARM.attributes
                0x0000000000000700       0x2d /usr/bin/../lib/gcc/arm-none-eabi/7.3.1/../../../../arm-none-eabi/lib/thumb/v7-m/libg_nano.a(lib_a-nano-mallocr.o)
 .ARM.attributes
                0x000000000000072d       0x2d /usr/bin/../lib/gcc/arm-none-eabi/7.3.1/../../../../arm-none-eabi/lib/thumb/v7-m/libg_nano.a(lib_a-nano-reallocr.o)
 .ARM.attributes
                0x000000000000075a       0x2d /usr/bin/../lib/gcc/arm-none-eabi/7.3.1/../../../../arm-none-eabi/lib/thumb/v7-m/libg_nano.a(lib_a-sbrkr.o)
 .ARM.attributes
                0x0000000000000787       0x2d /usr/bin/../lib/gcc/arm-none-eabi/7.3.1/../../../../arm-none-eabi/lib/thumb/v7-m/libg_nano.a(lib_a-mlock.o)
 .ARM.attributes
                0x00000000000007b4       0x2d /usr/bin/../lib/gcc/arm-none-eabi/7.3.1/../../../../arm-none-eabi/lib/thumb/v7-m/libg_nano.a(lib_a-nano-msizer.o)
 .ARM.attributes
                0x00000000000007e1       0x2d /usr/bin/../lib/gcc/arm-none-eabi/7.3.1/../../../../arm-none-eabi/lib/thumb/v7-m/libg_nano.a(lib_a-reent.o)

.debug_frame    0x0000000000000000     0x283c
 .debug_frame   0x0000000000000000       0x3c CMakeFiles/RS41HUPint.elf.dir/cmsis_boot/startup/startup_stm32f10x_md_vl.c.obj
 .debug_frame   0x000000000000003c       0x8c CMakeFiles/RS41HUPint.elf.dir/delay.c.obj
 .debug_frame   0x00000000000000c8       0x40 CMakeFiles/RS41HUPint.elf.dir/f_rtty.c.obj
 .debug_frame   0x0000000000000108      0x11c CMakeFiles/RS41HUPint.elf.dir/init.c.obj
 .debug_frame   0x0000000000000224       0x3c CMakeFiles/RS41HUPint.elf.dir/locator.c.obj
 .debug_frame   0x0000000000000260      0x148 CMakeFiles/RS41HUPint.elf.dir/main.c.obj
 .debug_frame   0x00000000000003a8       0x8c CMakeFiles/RS41HUPint.elf.dir/morse.c.obj
 .debug_frame   0x0000000000000434       0xec CMakeFiles/RS41HUPint.elf.dir/radio.c.obj
 .debug_frame   0x0000000000000520       0x7c CMakeFiles/RS41HUPint.elf.dir/stm_lib/src/misc.c.obj
 .debug_frame   0x000000000000059c      0x2c0 CMakeFiles/RS41HUPint.elf.dir/stm_lib/src/stm32f10x_adc.c.obj
 .debug_frame   0x000000000000085c       0xf0 CMakeFiles/RS41HUPint.elf.dir/stm_lib/src/stm32f10x_dma.c.obj
 .debug_frame   0x000000000000094c      0x2fc CMakeFiles/RS41HUPint.elf.dir/stm_lib/src/stm32f10x_flash.c.obj
 .debug_frame   0x0000000000000c48      0x1b0 CMakeFiles/RS41HUPint.elf.dir/stm_lib/src/stm32f10x_gpio.c.obj
 .debug_frame   0x0000000000000df8      0x240 CMakeFiles/RS41HUPint.elf.dir/stm_lib/src/stm32f10x_rcc.c.obj
 .debug_frame   0x0000000000001038      0x1cc CMakeFiles/RS41HUPint.elf.dir/stm_lib/src/stm32f10x_spi.c.obj
 .debug_frame   0x0000000000001204      0x74c CMakeFiles/RS41HUPint.elf.dir/stm_lib/src/stm32f10x_tim.c.obj
 .debug_frame   0x0000000000001950      0x258 CMakeFiles/RS41HUPint.elf.dir/stm_lib/src/stm32f10x_usart.c.obj
 .debug_frame   0x0000000000001ba8       0xa0 CMakeFiles/RS41HUPint.elf.dir/syscalls/syscalls.c.obj
 .debug_frame   0x0000000000001c48      0x128 CMakeFiles/RS41HUPint.elf.dir/ublox.c.obj
 .debug_frame   0x0000000000001d70      0x39c CMakeFiles/RS41HUPint.elf.dir/QAPRSBase.cpp.obj
 .debug_frame   0x000000000000210c       0xe8 CMakeFiles/RS41HUPint.elf.dir/aprs.cpp.obj
 .debug_frame   0x00000000000021f4       0xac /usr/bin/../lib/gcc/arm-none-eabi/7.3.1/thumb/v7-m/libgcc.a(_arm_addsubdf3.o)
 .debug_frame   0x00000000000022a0       0x50 /usr/bin/../lib/gcc/arm-none-eabi/7.3.1/thumb/v7-m/libgcc.a(_arm_muldivdf3.o)
 .debug_frame   0x00000000000022f0       0x24 /usr/bin/../lib/gcc/arm-none-eabi/7.3.1/thumb/v7-m/libgcc.a(_arm_fixdfsi.o)
 .debug_frame   0x0000000000002314       0x4c /usr/bin/../lib/gcc/arm-none-eabi/7.3.1/thumb/v7-m/libgcc.a(_arm_addsubsf3.o)
 .debug_frame   0x0000000000002360       0x38 /usr/bin/../lib/gcc/arm-none-eabi/7.3.1/thumb/v7-m/libgcc.a(_arm_muldivsf3.o)
 .debug_frame   0x0000000000002398       0xc8 /usr/bin/../lib/gcc/arm-none-eabi/7.3.1/thumb/v7-m/libgcc.a(_arm_cmpsf2.o)
 .debug_frame   0x0000000000002460       0x24 /usr/bin/../lib/gcc/arm-none-eabi/7.3.1/thumb/v7-m/libgcc.a(_arm_fixunssfsi.o)
 .debug_frame   0x0000000000002484       0x28 /usr/bin/../lib/gcc/arm-none-eabi/7.3.1/../../../../arm-none-eabi/lib/thumb/v7-m/libg_nano.a(lib_a-memcpy-stub.o)
 .debug_frame   0x00000000000024ac       0x20 /usr/bin/../lib/gcc/arm-none-eabi/7.3.1/../../../../arm-none-eabi/lib/thumb/v7-m/libg_nano.a(lib_a-memset.o)
 .debug_frame   0x00000000000024cc       0x6c /usr/bin/../lib/gcc/arm-none-eabi/7.3.1/../../../../arm-none-eabi/lib/thumb/v7-m/libg_nano.a(lib_a-sprintf.o)
 .debug_frame   0x0000000000002538       0x20 /usr/bin/../lib/gcc/arm-none-eabi/7.3.1/../../../../arm-none-eabi/lib/thumb/v7-m/libg_nano.a(lib_a-strcpy.o)
 .debug_frame   0x0000000000002558       0x2c /usr/bin/../lib/gcc/arm-none-eabi/7.3.1/../../../../arm-none-eabi/lib/thumb/v7-m/libg_nano.a(lib_a-strncpy.o)
 .debug_frame   0x0000000000002584       0x90 /usr/bin/../lib/gcc/arm-none-eabi/7.3.1/../../../../arm-none-eabi/lib/thumb/v7-m/libg_nano.a(lib_a-nano-svfprintf.o)
 .debug_frame   0x0000000000002614       0x60 /usr/bin/../lib/gcc/arm-none-eabi/7.3.1/../../../../arm-none-eabi/lib/thumb/v7-m/libg_nano.a(lib_a-nano-vfprintf_i.o)
 .debug_frame   0x0000000000002674       0x28 /usr/bin/../lib/gcc/arm-none-eabi/7.3.1/../../../../arm-none-eabi/lib/thumb/v7-m/libg_nano.a(lib_a-memchr-stub.o)
 .debug_frame   0x000000000000269c       0x28 /usr/bin/../lib/gcc/arm-none-eabi/7.3.1/../../../../arm-none-eabi/lib/thumb/v7-m/libg_nano.a(lib_a-memmove.o)
 .debug_frame   0x00000000000026c4       0x38 /usr/bin/../lib/gcc/arm-none-eabi/7.3.1/../../../../arm-none-eabi/lib/thumb/v7-m/libg_nano.a(lib_a-nano-freer.o)
 .debug_frame   0x00000000000026fc       0x2c /usr/bin/../lib/gcc/arm-none-eabi/7.3.1/../../../../arm-none-eabi/lib/thumb/v7-m/libg_nano.a(lib_a-nano-mallocr.o)
 .debug_frame   0x0000000000002728       0x3c /usr/bin/../lib/gcc/arm-none-eabi/7.3.1/../../../../arm-none-eabi/lib/thumb/v7-m/libg_nano.a(lib_a-nano-reallocr.o)
 .debug_frame   0x0000000000002764       0x2c /usr/bin/../lib/gcc/arm-none-eabi/7.3.1/../../../../arm-none-eabi/lib/thumb/v7-m/libg_nano.a(lib_a-sbrkr.o)
 .debug_frame   0x0000000000002790       0x30 /usr/bin/../lib/gcc/arm-none-eabi/7.3.1/../../../../arm-none-eabi/lib/thumb/v7-m/libg_nano.a(lib_a-mlock.o)
 .debug_frame   0x00000000000027c0       0x20 /usr/bin/../lib/gcc/arm-none-eabi/7.3.1/../../../../arm-none-eabi/lib/thumb/v7-m/libg_nano.a(lib_a-nano-msizer.o)
 .debug_frame   0x00000000000027e0       0x5c /usr/bin/../lib/gcc/arm-none-eabi/7.3.1/../../../../arm-none-eabi/lib/thumb/v7-m/libg_nano.a(lib_a-reent.o)

.debug_loc      0x0000000000000000    0x12113
 .debug_loc     0x0000000000000000       0xbc CMakeFiles/RS41HUPint.elf.dir/delay.c.obj
 .debug_loc     0x00000000000000bc       0x85 CMakeFiles/RS41HUPint.elf.dir/f_rtty.c.obj
 .debug_loc     0x0000000000000141      0x149 CMakeFiles/RS41HUPint.elf.dir/init.c.obj
 .debug_loc     0x000000000000028a      0x3ac CMakeFiles/RS41HUPint.elf.dir/locator.c.obj
 .debug_loc     0x0000000000000636     0x779b CMakeFiles/RS41HUPint.elf.dir/main.c.obj
 .debug_loc     0x0000000000007dd1      0x303 CMakeFiles/RS41HUPint.elf.dir/morse.c.obj
 .debug_loc     0x00000000000080d4      0x2c7 CMakeFiles/RS41HUPint.elf.dir/radio.c.obj
 .debug_loc     0x000000000000839b      0x16b CMakeFiles/RS41HUPint.elf.dir/stm_lib/src/misc.c.obj
 .debug_loc     0x0000000000008506      0x9a6 CMakeFiles/RS41HUPint.elf.dir/stm_lib/src/stm32f10x_adc.c.obj
 .debug_loc     0x0000000000008eac      0x12a CMakeFiles/RS41HUPint.elf.dir/stm_lib/src/stm32f10x_dma.c.obj
 .debug_loc     0x0000000000008fd6     0x2335 CMakeFiles/RS41HUPint.elf.dir/stm_lib/src/stm32f10x_flash.c.obj
 .debug_loc     0x000000000000b30b     0x117b CMakeFiles/RS41HUPint.elf.dir/stm_lib/src/stm32f10x_gpio.c.obj
 .debug_loc     0x000000000000c486      0x777 CMakeFiles/RS41HUPint.elf.dir/stm_lib/src/stm32f10x_rcc.c.obj
 .debug_loc     0x000000000000cbfd      0x543 CMakeFiles/RS41HUPint.elf.dir/stm_lib/src/stm32f10x_spi.c.obj
 .debug_loc     0x000000000000d140     0x2178 CMakeFiles/RS41HUPint.elf.dir/stm_lib/src/stm32f10x_tim.c.obj
 .debug_loc     0x000000000000f2b8      0x800 CMakeFiles/RS41HUPint.elf.dir/stm_lib/src/stm32f10x_usart.c.obj
 .debug_loc     0x000000000000fab8       0xfe CMakeFiles/RS41HUPint.elf.dir/syscalls/syscalls.c.obj
 .debug_loc     0x000000000000fbb6      0x699 CMakeFiles/RS41HUPint.elf.dir/ublox.c.obj
 .debug_loc     0x000000000001024f     0x17b1 CMakeFiles/RS41HUPint.elf.dir/QAPRSBase.cpp.obj
 .debug_loc     0x0000000000011a00      0x713 CMakeFiles/RS41HUPint.elf.dir/aprs.cpp.obj
